---
source: src/parsers/cst/sub_statements.rs
expression: tree
---
root:
  kind: Root
  children:
    - kind: SubStatement
      children:
        - kind: SubKeyword
          text: Sub
        - kind: Whitespace
          text: " "
        - kind: Identifier
          text: Validate
        - kind: ParameterList
          children:
            - kind: LeftParenthesis
              text: (
            - kind: Identifier
              text: x
            - kind: Whitespace
              text: " "
            - kind: AsKeyword
              text: As
            - kind: Whitespace
              text: " "
            - kind: IntegerKeyword
              text: Integer
            - kind: RightParenthesis
              text: )
        - kind: Newline
          text: "\n"
        - kind: StatementList
          children:
            - kind: IfStatement
              children:
                - kind: Whitespace
                  text: "    "
                - kind: IfKeyword
                  text: If
                - kind: Whitespace
                  text: " "
                - kind: BinaryExpression
                  children:
                    - kind: IdentifierExpression
                      children:
                        - kind: Identifier
                          text: x
                    - kind: Whitespace
                      text: " "
                    - kind: LessThanOperator
                      text: "<"
                    - kind: Whitespace
                      text: " "
                    - kind: NumericLiteralExpression
                      children:
                        - kind: IntegerLiteral
                          text: "0"
                - kind: Whitespace
                  text: " "
                - kind: ThenKeyword
                  text: Then
                - kind: Newline
                  text: "\n"
                - kind: StatementList
                  children:
                    - kind: ExitStatement
                      children:
                        - kind: Whitespace
                          text: "        "
                        - kind: ExitKeyword
                          text: Exit
                        - kind: Whitespace
                          text: " "
                        - kind: SubKeyword
                          text: Sub
                        - kind: Newline
                          text: "\n"
                    - kind: Whitespace
                      text: "    "
                - kind: EndKeyword
                  text: End
                - kind: Whitespace
                  text: " "
                - kind: IfKeyword
                  text: If
                - kind: Newline
                  text: "\n"
        - kind: EndKeyword
          text: End
        - kind: Whitespace
          text: " "
        - kind: SubKeyword
          text: Sub
        - kind: Newline
          text: "\n"
