---
source: vb6parse/tests/module/audiostation.rs
expression: module_file
---
name: ModBassSpectrum
cst:
  root:
    kind: Root
    children:
      - kind: OptionStatement
        children:
          - kind: OptionKeyword
            text: Option
          - kind: Whitespace
            text: " "
          - kind: ExplicitKeyword
            text: Explicit
          - kind: Newline
            text: "\n"
      - kind: Newline
        text: "\n"
      - kind: DimStatement
        children:
          - kind: PublicKeyword
            text: Public
          - kind: Whitespace
            text: " "
          - kind: Identifier
            text: chan
          - kind: Whitespace
            text: " "
          - kind: AsKeyword
            text: As
          - kind: Whitespace
            text: " "
          - kind: LongKeyword
            text: Long
          - kind: Newline
            text: "\n"
      - kind: FunctionStatement
        children:
          - kind: PublicKeyword
            text: Public
          - kind: Whitespace
            text: " "
          - kind: FunctionKeyword
            text: Function
          - kind: Whitespace
            text: " "
          - kind: Identifier
            text: Sqrt
          - kind: ParameterList
            children:
              - kind: LeftParenthesis
                text: (
              - kind: ByValKeyword
                text: ByVal
              - kind: Whitespace
                text: " "
              - kind: Identifier
                text: num
              - kind: Whitespace
                text: " "
              - kind: AsKeyword
                text: As
              - kind: Whitespace
                text: " "
              - kind: DoubleKeyword
                text: Double
              - kind: RightParenthesis
                text: )
          - kind: Whitespace
            text: " "
          - kind: AsKeyword
            text: As
          - kind: Whitespace
            text: " "
          - kind: DoubleKeyword
            text: Double
          - kind: Newline
            text: "\n"
          - kind: StatementList
            children:
              - kind: OnGoToStatement
                children:
                  - kind: OnKeyword
                    text: "On"
                  - kind: Whitespace
                    text: " "
                  - kind: Identifier
                    text: Local
                  - kind: Whitespace
                    text: " "
                  - kind: ErrorKeyword
                    text: Error
                  - kind: Whitespace
                    text: " "
                  - kind: GotoKeyword
                    text: GoTo
                  - kind: Whitespace
                    text: " "
                  - kind: Identifier
                    text: isbad
                  - kind: Newline
                    text: "\n"
              - kind: AssignmentStatement
                children:
                  - kind: IdentifierExpression
                    children:
                      - kind: Identifier
                        text: Sqrt
                  - kind: Whitespace
                    text: " "
                  - kind: EqualityOperator
                    text: "="
                  - kind: Whitespace
                    text: " "
                  - kind: BinaryExpression
                    children:
                      - kind: IdentifierExpression
                        children:
                          - kind: Identifier
                            text: num
                      - kind: Whitespace
                        text: " "
                      - kind: ExponentiationOperator
                        text: ^
                      - kind: Whitespace
                        text: " "
                      - kind: NumericLiteralExpression
                        children:
                          - kind: SingleLiteral
                            text: "0.5"
                  - kind: Newline
                    text: "\n"
              - kind: ExitStatement
                children:
                  - kind: ExitKeyword
                    text: Exit
                  - kind: Whitespace
                    text: " "
                  - kind: FunctionKeyword
                    text: Function
                  - kind: Newline
                    text: "\n"
              - kind: LabelStatement
                children:
                  - kind: Identifier
                    text: isbad
                  - kind: ColonOperator
                    text: ":"
                  - kind: Newline
                    text: "\n"
              - kind: AssignmentStatement
                children:
                  - kind: IdentifierExpression
                    children:
                      - kind: Identifier
                        text: Sqrt
                  - kind: Whitespace
                    text: " "
                  - kind: EqualityOperator
                    text: "="
                  - kind: Whitespace
                    text: " "
                  - kind: NumericLiteralExpression
                    children:
                      - kind: IntegerLiteral
                        text: "0"
                  - kind: Newline
                    text: "\n"
              - kind: CallStatement
                children:
                  - kind: Identifier
                    text: Err
                  - kind: PeriodOperator
                    text: "."
                  - kind: Identifier
                    text: Clear
                  - kind: Newline
                    text: "\n"
          - kind: EndKeyword
            text: End
          - kind: Whitespace
            text: " "
          - kind: FunctionKeyword
            text: Function
          - kind: Newline
            text: "\n"
      - kind: Newline
        text: "\n"
      - kind: FunctionStatement
        children:
          - kind: FunctionKeyword
            text: Function
          - kind: Whitespace
            text: " "
          - kind: Identifier
            text: Log10
          - kind: ParameterList
            children:
              - kind: LeftParenthesis
                text: (
              - kind: ByValKeyword
                text: ByVal
              - kind: Whitespace
                text: " "
              - kind: Identifier
                text: X
              - kind: Whitespace
                text: " "
              - kind: AsKeyword
                text: As
              - kind: Whitespace
                text: " "
              - kind: DoubleKeyword
                text: Double
              - kind: RightParenthesis
                text: )
          - kind: Whitespace
            text: " "
          - kind: AsKeyword
            text: As
          - kind: Whitespace
            text: " "
          - kind: DoubleKeyword
            text: Double
          - kind: Newline
            text: "\n"
          - kind: StatementList
            children:
              - kind: Whitespace
                text: "    "
              - kind: AssignmentStatement
                children:
                  - kind: IdentifierExpression
                    children:
                      - kind: Identifier
                        text: Log10
                  - kind: Whitespace
                    text: " "
                  - kind: EqualityOperator
                    text: "="
                  - kind: Whitespace
                    text: " "
                  - kind: BinaryExpression
                    children:
                      - kind: CallExpression
                        children:
                          - kind: Identifier
                            text: Log
                          - kind: LeftParenthesis
                            text: (
                          - kind: ArgumentList
                            children:
                              - kind: Argument
                                children:
                                  - kind: IdentifierExpression
                                    children:
                                      - kind: Identifier
                                        text: X
                          - kind: RightParenthesis
                            text: )
                      - kind: Whitespace
                        text: " "
                      - kind: DivisionOperator
                        text: /
                      - kind: Whitespace
                        text: " "
                      - kind: CallExpression
                        children:
                          - kind: Identifier
                            text: Log
                          - kind: LeftParenthesis
                            text: (
                          - kind: ArgumentList
                            children:
                              - kind: Argument
                                children:
                                  - kind: NumericLiteralExpression
                                    children:
                                      - kind: DoubleLiteral
                                        text: "10#"
                          - kind: RightParenthesis
                            text: )
                  - kind: Newline
                    text: "\n"
          - kind: EndKeyword
            text: End
          - kind: Whitespace
            text: " "
          - kind: FunctionKeyword
            text: Function
          - kind: Newline
            text: "\n"
      - kind: SubStatement
        children:
          - kind: PublicKeyword
            text: Public
          - kind: Whitespace
            text: " "
          - kind: SubKeyword
            text: Sub
          - kind: Whitespace
            text: " "
          - kind: Identifier
            text: UpdateSpectrum
          - kind: ParameterList
            children:
              - kind: LeftParenthesis
                text: (
              - kind: RightParenthesis
                text: )
          - kind: Newline
            text: "\n"
          - kind: StatementList
            children:
              - kind: DimStatement
                children:
                  - kind: DimKeyword
                    text: Dim
                  - kind: Whitespace
                    text: " "
                  - kind: Identifier
                    text: X
                  - kind: Whitespace
                    text: " "
                  - kind: AsKeyword
                    text: As
                  - kind: Whitespace
                    text: " "
                  - kind: LongKeyword
                    text: Long
                  - kind: Comma
                    text: ","
                  - kind: Whitespace
                    text: " "
                  - kind: Identifier
                    text: Y
                  - kind: Whitespace
                    text: " "
                  - kind: AsKeyword
                    text: As
                  - kind: Whitespace
                    text: " "
                  - kind: LongKeyword
                    text: Long
                  - kind: Comma
                    text: ","
                  - kind: Whitespace
                    text: " "
                  - kind: Identifier
                    text: y1
                  - kind: Whitespace
                    text: " "
                  - kind: AsKeyword
                    text: As
                  - kind: Whitespace
                    text: " "
                  - kind: LongKeyword
                    text: Long
                  - kind: Newline
                    text: "\n"
              - kind: DimStatement
                children:
                  - kind: DimKeyword
                    text: Dim
                  - kind: Whitespace
                    text: " "
                  - kind: Identifier
                    text: fft
                  - kind: LeftParenthesis
                    text: (
                  - kind: NumericLiteralExpression
                    children:
                      - kind: IntegerLiteral
                        text: "1024"
                  - kind: RightParenthesis
                    text: )
                  - kind: Whitespace
                    text: " "
                  - kind: AsKeyword
                    text: As
                  - kind: Whitespace
                    text: " "
                  - kind: SingleKeyword
                    text: Single
                  - kind: Newline
                    text: "\n"
              - kind: Newline
                text: "\n"
              - kind: CallStatement
                children:
                  - kind: CallKeyword
                    text: Call
                  - kind: Whitespace
                    text: " "
                  - kind: Identifier
                    text: BASS_ChannelGetData
                  - kind: LeftParenthesis
                    text: (
                  - kind: Identifier
                    text: chan
                  - kind: Comma
                    text: ","
                  - kind: Whitespace
                    text: " "
                  - kind: Identifier
                    text: fft
                  - kind: LeftParenthesis
                    text: (
                  - kind: IntegerLiteral
                    text: "0"
                  - kind: RightParenthesis
                    text: )
                  - kind: Comma
                    text: ","
                  - kind: Whitespace
                    text: " "
                  - kind: Identifier
                    text: BASS_DATA_FFT2048
                  - kind: RightParenthesis
                    text: )
                  - kind: Newline
                    text: "\n"
              - kind: CallStatement
                children:
                  - kind: CallKeyword
                    text: Call
                  - kind: Whitespace
                    text: " "
                  - kind: Identifier
                    text: ResetSpectrum
                  - kind: Newline
                    text: "\n"
              - kind: Newline
                text: "\n"
              - kind: DimStatement
                children:
                  - kind: DimKeyword
                    text: Dim
                  - kind: Whitespace
                    text: " "
                  - kind: Identifier
                    text: b0
                  - kind: Whitespace
                    text: " "
                  - kind: AsKeyword
                    text: As
                  - kind: Whitespace
                    text: " "
                  - kind: LongKeyword
                    text: Long
                  - kind: Comma
                    text: ","
                  - kind: Whitespace
                    text: " "
                  - kind: Identifier
                    text: BANDS
                  - kind: Whitespace
                    text: " "
                  - kind: AsKeyword
                    text: As
                  - kind: Whitespace
                    text: " "
                  - kind: IntegerKeyword
                    text: Integer
                  - kind: Newline
                    text: "\n"
              - kind: AssignmentStatement
                children:
                  - kind: IdentifierExpression
                    children:
                      - kind: Identifier
                        text: b0
                  - kind: Whitespace
                    text: " "
                  - kind: EqualityOperator
                    text: "="
                  - kind: Whitespace
                    text: " "
                  - kind: NumericLiteralExpression
                    children:
                      - kind: IntegerLiteral
                        text: "0"
                  - kind: Newline
                    text: "\n"
              - kind: AssignmentStatement
                children:
                  - kind: IdentifierExpression
                    children:
                      - kind: Identifier
                        text: BANDS
                  - kind: Whitespace
                    text: " "
                  - kind: EqualityOperator
                    text: "="
                  - kind: Whitespace
                    text: " "
                  - kind: NumericLiteralExpression
                    children:
                      - kind: IntegerLiteral
                        text: "28"
                  - kind: Newline
                    text: "\n"
              - kind: DimStatement
                children:
                  - kind: DimKeyword
                    text: Dim
                  - kind: Whitespace
                    text: " "
                  - kind: Identifier
                    text: sc
                  - kind: Whitespace
                    text: " "
                  - kind: AsKeyword
                    text: As
                  - kind: Whitespace
                    text: " "
                  - kind: LongKeyword
                    text: Long
                  - kind: Comma
                    text: ","
                  - kind: Whitespace
                    text: " "
                  - kind: Identifier
                    text: b1
                  - kind: Whitespace
                    text: " "
                  - kind: AsKeyword
                    text: As
                  - kind: Whitespace
                    text: " "
                  - kind: LongKeyword
                    text: Long
                  - kind: Newline
                    text: "\n"
              - kind: DimStatement
                children:
                  - kind: DimKeyword
                    text: Dim
                  - kind: Whitespace
                    text: " "
                  - kind: Identifier
                    text: sum
                  - kind: Whitespace
                    text: " "
                  - kind: AsKeyword
                    text: As
                  - kind: Whitespace
                    text: " "
                  - kind: SingleKeyword
                    text: Single
                  - kind: Newline
                    text: "\n"
              - kind: ForStatement
                children:
                  - kind: ForKeyword
                    text: For
                  - kind: Whitespace
                    text: " "
                  - kind: IdentifierExpression
                    children:
                      - kind: Identifier
                        text: X
                  - kind: Whitespace
                    text: " "
                  - kind: EqualityOperator
                    text: "="
                  - kind: Whitespace
                    text: " "
                  - kind: NumericLiteralExpression
                    children:
                      - kind: IntegerLiteral
                        text: "0"
                  - kind: Whitespace
                    text: " "
                  - kind: ToKeyword
                    text: To
                  - kind: Whitespace
                    text: " "
                  - kind: BinaryExpression
                    children:
                      - kind: IdentifierExpression
                        children:
                          - kind: Identifier
                            text: BANDS
                      - kind: Whitespace
                        text: " "
                      - kind: SubtractionOperator
                        text: "-"
                      - kind: Whitespace
                        text: " "
                      - kind: NumericLiteralExpression
                        children:
                          - kind: IntegerLiteral
                            text: "1"
                  - kind: Newline
                    text: "\n"
                  - kind: StatementList
                    children:
                      - kind: Whitespace
                        text: "    "
                      - kind: AssignmentStatement
                        children:
                          - kind: IdentifierExpression
                            children:
                              - kind: Identifier
                                text: sum
                          - kind: Whitespace
                            text: " "
                          - kind: EqualityOperator
                            text: "="
                          - kind: Whitespace
                            text: " "
                          - kind: NumericLiteralExpression
                            children:
                              - kind: IntegerLiteral
                                text: "0"
                          - kind: Newline
                            text: "\n"
                      - kind: Whitespace
                        text: "    "
                      - kind: AssignmentStatement
                        children:
                          - kind: IdentifierExpression
                            children:
                              - kind: Identifier
                                text: b1
                          - kind: Whitespace
                            text: " "
                          - kind: EqualityOperator
                            text: "="
                          - kind: Whitespace
                            text: " "
                          - kind: BinaryExpression
                            children:
                              - kind: NumericLiteralExpression
                                children:
                                  - kind: IntegerLiteral
                                    text: "2"
                              - kind: Whitespace
                                text: " "
                              - kind: ExponentiationOperator
                                text: ^
                              - kind: Whitespace
                                text: " "
                              - kind: ParenthesizedExpression
                                children:
                                  - kind: LeftParenthesis
                                    text: (
                                  - kind: BinaryExpression
                                    children:
                                      - kind: BinaryExpression
                                        children:
                                          - kind: IdentifierExpression
                                            children:
                                              - kind: Identifier
                                                text: X
                                          - kind: Whitespace
                                            text: " "
                                          - kind: MultiplicationOperator
                                            text: "*"
                                          - kind: Whitespace
                                            text: " "
                                          - kind: NumericLiteralExpression
                                            children:
                                              - kind: DoubleLiteral
                                                text: "10#"
                                      - kind: Whitespace
                                        text: " "
                                      - kind: DivisionOperator
                                        text: /
                                      - kind: Whitespace
                                        text: " "
                                      - kind: ParenthesizedExpression
                                        children:
                                          - kind: LeftParenthesis
                                            text: (
                                          - kind: BinaryExpression
                                            children:
                                              - kind: IdentifierExpression
                                                children:
                                                  - kind: Identifier
                                                    text: BANDS
                                              - kind: Whitespace
                                                text: " "
                                              - kind: SubtractionOperator
                                                text: "-"
                                              - kind: Whitespace
                                                text: " "
                                              - kind: NumericLiteralExpression
                                                children:
                                                  - kind: IntegerLiteral
                                                    text: "1"
                                          - kind: RightParenthesis
                                            text: )
                                  - kind: RightParenthesis
                                    text: )
                          - kind: Newline
                            text: "\n"
                      - kind: IfStatement
                        children:
                          - kind: Whitespace
                            text: "    "
                          - kind: IfKeyword
                            text: If
                          - kind: Whitespace
                            text: " "
                          - kind: ParenthesizedExpression
                            children:
                              - kind: LeftParenthesis
                                text: (
                              - kind: BinaryExpression
                                children:
                                  - kind: IdentifierExpression
                                    children:
                                      - kind: Identifier
                                        text: b1
                                  - kind: Whitespace
                                    text: " "
                                  - kind: GreaterThanOperator
                                    text: ">"
                                  - kind: Whitespace
                                    text: " "
                                  - kind: NumericLiteralExpression
                                    children:
                                      - kind: IntegerLiteral
                                        text: "1023"
                              - kind: RightParenthesis
                                text: )
                          - kind: Whitespace
                            text: " "
                          - kind: ThenKeyword
                            text: Then
                          - kind: Whitespace
                            text: " "
                          - kind: AssignmentStatement
                            children:
                              - kind: IdentifierExpression
                                children:
                                  - kind: Identifier
                                    text: b1
                              - kind: Whitespace
                                text: " "
                              - kind: EqualityOperator
                                text: "="
                              - kind: Whitespace
                                text: " "
                              - kind: NumericLiteralExpression
                                children:
                                  - kind: IntegerLiteral
                                    text: "1023"
                              - kind: Newline
                                text: "\n"
                          - kind: IfStatement
                            children:
                              - kind: Whitespace
                                text: "    "
                              - kind: IfKeyword
                                text: If
                              - kind: Whitespace
                                text: " "
                              - kind: ParenthesizedExpression
                                children:
                                  - kind: LeftParenthesis
                                    text: (
                                  - kind: BinaryExpression
                                    children:
                                      - kind: IdentifierExpression
                                        children:
                                          - kind: Identifier
                                            text: b1
                                      - kind: Whitespace
                                        text: " "
                                      - kind: LessThanOrEqualOperator
                                        text: "<="
                                      - kind: Whitespace
                                        text: " "
                                      - kind: IdentifierExpression
                                        children:
                                          - kind: Identifier
                                            text: b0
                                  - kind: RightParenthesis
                                    text: )
                              - kind: Whitespace
                                text: " "
                              - kind: ThenKeyword
                                text: Then
                              - kind: Whitespace
                                text: " "
                              - kind: AssignmentStatement
                                children:
                                  - kind: IdentifierExpression
                                    children:
                                      - kind: Identifier
                                        text: b1
                                  - kind: Whitespace
                                    text: " "
                                  - kind: EqualityOperator
                                    text: "="
                                  - kind: Whitespace
                                    text: " "
                                  - kind: BinaryExpression
                                    children:
                                      - kind: IdentifierExpression
                                        children:
                                          - kind: Identifier
                                            text: b0
                                      - kind: Whitespace
                                        text: " "
                                      - kind: AdditionOperator
                                        text: +
                                      - kind: Whitespace
                                        text: " "
                                      - kind: NumericLiteralExpression
                                        children:
                                          - kind: IntegerLiteral
                                            text: "1"
                              - kind: Whitespace
                                text: " "
                              - kind: EndOfLineComment
                                text: "' make sure it uses at least 1 FFT bin"
                              - kind: Newline
                                text: "\n"
                          - kind: Whitespace
                            text: "    "
                          - kind: AssignmentStatement
                            children:
                              - kind: IdentifierExpression
                                children:
                                  - kind: Identifier
                                    text: sc
                              - kind: Whitespace
                                text: " "
                              - kind: EqualityOperator
                                text: "="
                              - kind: Whitespace
                                text: " "
                              - kind: BinaryExpression
                                children:
                                  - kind: BinaryExpression
                                    children:
                                      - kind: NumericLiteralExpression
                                        children:
                                          - kind: IntegerLiteral
                                            text: "10"
                                      - kind: Whitespace
                                        text: " "
                                      - kind: AdditionOperator
                                        text: +
                                      - kind: Whitespace
                                        text: " "
                                      - kind: IdentifierExpression
                                        children:
                                          - kind: Identifier
                                            text: b1
                                  - kind: Whitespace
                                    text: " "
                                  - kind: SubtractionOperator
                                    text: "-"
                                  - kind: Whitespace
                                    text: " "
                                  - kind: IdentifierExpression
                                    children:
                                      - kind: Identifier
                                        text: b0
                              - kind: Newline
                                text: "\n"
                          - kind: DoStatement
                            children:
                              - kind: Whitespace
                                text: "    "
                              - kind: DoKeyword
                                text: Do
                              - kind: Newline
                                text: "\n"
                              - kind: StatementList
                                children:
                                  - kind: Whitespace
                                    text: "        "
                                  - kind: AssignmentStatement
                                    children:
                                      - kind: IdentifierExpression
                                        children:
                                          - kind: Identifier
                                            text: sum
                                      - kind: Whitespace
                                        text: " "
                                      - kind: EqualityOperator
                                        text: "="
                                      - kind: Whitespace
                                        text: " "
                                      - kind: BinaryExpression
                                        children:
                                          - kind: IdentifierExpression
                                            children:
                                              - kind: Identifier
                                                text: sum
                                          - kind: Whitespace
                                            text: " "
                                          - kind: AdditionOperator
                                            text: +
                                          - kind: Whitespace
                                            text: " "
                                          - kind: CallExpression
                                            children:
                                              - kind: Identifier
                                                text: fft
                                              - kind: LeftParenthesis
                                                text: (
                                              - kind: ArgumentList
                                                children:
                                                  - kind: Argument
                                                    children:
                                                      - kind: BinaryExpression
                                                        children:
                                                          - kind: NumericLiteralExpression
                                                            children:
                                                              - kind: IntegerLiteral
                                                                text: "1"
                                                          - kind: Whitespace
                                                            text: " "
                                                          - kind: AdditionOperator
                                                            text: +
                                                          - kind: Whitespace
                                                            text: " "
                                                          - kind: IdentifierExpression
                                                            children:
                                                              - kind: Identifier
                                                                text: b0
                                              - kind: RightParenthesis
                                                text: )
                                      - kind: Newline
                                        text: "\n"
                                  - kind: Whitespace
                                    text: "        "
                                  - kind: AssignmentStatement
                                    children:
                                      - kind: IdentifierExpression
                                        children:
                                          - kind: Identifier
                                            text: b0
                                      - kind: Whitespace
                                        text: " "
                                      - kind: EqualityOperator
                                        text: "="
                                      - kind: Whitespace
                                        text: " "
                                      - kind: BinaryExpression
                                        children:
                                          - kind: IdentifierExpression
                                            children:
                                              - kind: Identifier
                                                text: b0
                                          - kind: Whitespace
                                            text: " "
                                          - kind: AdditionOperator
                                            text: +
                                          - kind: Whitespace
                                            text: " "
                                          - kind: NumericLiteralExpression
                                            children:
                                              - kind: IntegerLiteral
                                                text: "1"
                                      - kind: Newline
                                        text: "\n"
                                  - kind: Whitespace
                                    text: "        "
                                  - kind: Newline
                                    text: "\n"
                                  - kind: Whitespace
                                    text: "        "
                                  - kind: EndOfLineComment
                                    text: "' Countdown from 13 to make sure we start at the bottom of the spectrum"
                                  - kind: Newline
                                    text: "\n"
                                  - kind: CallStatement
                                    children:
                                      - kind: Whitespace
                                        text: "        "
                                      - kind: CallKeyword
                                        text: Call
                                      - kind: Whitespace
                                        text: " "
                                      - kind: Identifier
                                        text: SetSpectrumBar
                                      - kind: LeftParenthesis
                                        text: (
                                      - kind: IntegerLiteral
                                        text: "13"
                                      - kind: Whitespace
                                        text: " "
                                      - kind: SubtractionOperator
                                        text: "-"
                                      - kind: Whitespace
                                        text: " "
                                      - kind: Identifier
                                        text: Round
                                      - kind: LeftParenthesis
                                        text: (
                                      - kind: LeftParenthesis
                                        text: (
                                      - kind: Identifier
                                        text: sum
                                      - kind: Whitespace
                                        text: " "
                                      - kind: MultiplicationOperator
                                        text: "*"
                                      - kind: Whitespace
                                        text: " "
                                      - kind: IntegerLiteral
                                        text: "14"
                                      - kind: RightParenthesis
                                        text: )
                                      - kind: Comma
                                        text: ","
                                      - kind: Whitespace
                                        text: " "
                                      - kind: IntegerLiteral
                                        text: "0"
                                      - kind: RightParenthesis
                                        text: )
                                      - kind: Comma
                                        text: ","
                                      - kind: Whitespace
                                        text: " "
                                      - kind: Identifier
                                        text: X
                                      - kind: RightParenthesis
                                        text: )
                                      - kind: Newline
                                        text: "\n"
                                  - kind: Whitespace
                                    text: "    "
                              - kind: LoopKeyword
                                text: Loop
                              - kind: Whitespace
                                text: " "
                              - kind: WhileKeyword
                                text: While
                              - kind: Whitespace
                                text: " "
                              - kind: BinaryExpression
                                children:
                                  - kind: IdentifierExpression
                                    children:
                                      - kind: Identifier
                                        text: b0
                                  - kind: Whitespace
                                    text: " "
                                  - kind: LessThanOperator
                                    text: "<"
                                  - kind: Whitespace
                                    text: " "
                                  - kind: IdentifierExpression
                                    children:
                                      - kind: Identifier
                                        text: b1
                              - kind: Newline
                                text: "\n"
                          - kind: NextKeyword
                            text: Next
                          - kind: Whitespace
                            text: " "
                          - kind: Identifier
                            text: X
                          - kind: Newline
                            text: "\n"
                      - kind: Unknown
                        text: End
                      - kind: Whitespace
                        text: " "
                      - kind: Unknown
                        text: Sub
                      - kind: Newline
                        text: "\n"
                      - kind: DimStatement
                        children:
                          - kind: PublicKeyword
                            text: Public
                          - kind: Whitespace
                            text: " "
                          - kind: SubKeyword
                            text: Sub
                          - kind: Whitespace
                            text: " "
                          - kind: Identifier
                            text: ResetSpectrum
                          - kind: LeftParenthesis
                            text: (
                          - kind: RightParenthesis
                            text: )
                          - kind: Newline
                            text: "\n"
                      - kind: DimStatement
                        children:
                          - kind: DimKeyword
                            text: Dim
                          - kind: Whitespace
                            text: " "
                          - kind: Identifier
                            text: I
                          - kind: Comma
                            text: ","
                          - kind: Whitespace
                            text: " "
                          - kind: Identifier
                            text: C
                          - kind: Whitespace
                            text: " "
                          - kind: AsKeyword
                            text: As
                          - kind: Whitespace
                            text: " "
                          - kind: IntegerKeyword
                            text: Integer
                          - kind: Newline
                            text: "\n"
                      - kind: ForStatement
                        children:
                          - kind: ForKeyword
                            text: For
                          - kind: Whitespace
                            text: " "
                          - kind: IdentifierExpression
                            children:
                              - kind: Identifier
                                text: I
                          - kind: Whitespace
                            text: " "
                          - kind: EqualityOperator
                            text: "="
                          - kind: Whitespace
                            text: " "
                          - kind: NumericLiteralExpression
                            children:
                              - kind: IntegerLiteral
                                text: "0"
                          - kind: Whitespace
                            text: " "
                          - kind: ToKeyword
                            text: To
                          - kind: Whitespace
                            text: " "
                          - kind: BinaryExpression
                            children:
                              - kind: MemberAccessExpression
                                children:
                                  - kind: MemberAccessExpression
                                    children:
                                      - kind: Identifier
                                        text: Form_Main
                                      - kind: PeriodOperator
                                        text: "."
                                      - kind: Identifier
                                        text: VU_Spectrum
                                  - kind: PeriodOperator
                                    text: "."
                                  - kind: Identifier
                                    text: RowCount
                              - kind: Whitespace
                                text: " "
                              - kind: SubtractionOperator
                                text: "-"
                              - kind: Whitespace
                                text: " "
                              - kind: NumericLiteralExpression
                                children:
                                  - kind: IntegerLiteral
                                    text: "1"
                          - kind: Newline
                            text: "\n"
                          - kind: StatementList
                            children:
                              - kind: ForStatement
                                children:
                                  - kind: Whitespace
                                    text: "    "
                                  - kind: ForKeyword
                                    text: For
                                  - kind: Whitespace
                                    text: " "
                                  - kind: IdentifierExpression
                                    children:
                                      - kind: Identifier
                                        text: C
                                  - kind: Whitespace
                                    text: " "
                                  - kind: EqualityOperator
                                    text: "="
                                  - kind: Whitespace
                                    text: " "
                                  - kind: NumericLiteralExpression
                                    children:
                                      - kind: IntegerLiteral
                                        text: "0"
                                  - kind: Whitespace
                                    text: " "
                                  - kind: ToKeyword
                                    text: To
                                  - kind: Whitespace
                                    text: " "
                                  - kind: BinaryExpression
                                    children:
                                      - kind: MemberAccessExpression
                                        children:
                                          - kind: MemberAccessExpression
                                            children:
                                              - kind: Identifier
                                                text: Form_Main
                                              - kind: PeriodOperator
                                                text: "."
                                              - kind: Identifier
                                                text: VU_Spectrum
                                          - kind: PeriodOperator
                                            text: "."
                                          - kind: Identifier
                                            text: ColCount
                                      - kind: Whitespace
                                        text: " "
                                      - kind: SubtractionOperator
                                        text: "-"
                                      - kind: Whitespace
                                        text: " "
                                      - kind: NumericLiteralExpression
                                        children:
                                          - kind: IntegerLiteral
                                            text: "1"
                                  - kind: Newline
                                    text: "\n"
                                  - kind: StatementList
                                    children:
                                      - kind: CallStatement
                                        children:
                                          - kind: Whitespace
                                            text: "        "
                                          - kind: CallKeyword
                                            text: Call
                                          - kind: Whitespace
                                            text: " "
                                          - kind: Identifier
                                            text: Form_Main
                                          - kind: PeriodOperator
                                            text: "."
                                          - kind: Identifier
                                            text: VU_Spectrum
                                          - kind: PeriodOperator
                                            text: "."
                                          - kind: Identifier
                                            text: SetIndicatorActive
                                          - kind: LeftParenthesis
                                            text: (
                                          - kind: Identifier
                                            text: I
                                          - kind: Comma
                                            text: ","
                                          - kind: Whitespace
                                            text: " "
                                          - kind: Identifier
                                            text: C
                                          - kind: Comma
                                            text: ","
                                          - kind: Whitespace
                                            text: " "
                                          - kind: FalseKeyword
                                            text: "False"
                                          - kind: RightParenthesis
                                            text: )
                                          - kind: Newline
                                            text: "\n"
                                      - kind: Whitespace
                                        text: "    "
                                  - kind: NextKeyword
                                    text: Next
                                  - kind: Newline
                                    text: "\n"
                          - kind: NextKeyword
                            text: Next
                          - kind: Newline
                            text: "\n"
                      - kind: Unknown
                        text: End
                      - kind: Whitespace
                        text: " "
                      - kind: Unknown
                        text: Sub
                      - kind: Newline
                        text: "\n"
                      - kind: DimStatement
                        children:
                          - kind: PrivateKeyword
                            text: Private
                          - kind: Whitespace
                            text: " "
                          - kind: SubKeyword
                            text: Sub
                          - kind: Whitespace
                            text: " "
                          - kind: Identifier
                            text: SetSpectrumBar
                          - kind: LeftParenthesis
                            text: (
                          - kind: Identifier
                            text: Row
                          - kind: Whitespace
                            text: " "
                          - kind: AsKeyword
                            text: As
                          - kind: Whitespace
                            text: " "
                          - kind: LongKeyword
                            text: Long
                          - kind: Comma
                            text: ","
                          - kind: Whitespace
                            text: " "
                          - kind: Identifier
                            text: Col
                          - kind: Whitespace
                            text: " "
                          - kind: AsKeyword
                            text: As
                          - kind: Whitespace
                            text: " "
                          - kind: LongKeyword
                            text: Long
                          - kind: RightParenthesis
                            text: )
                          - kind: Newline
                            text: "\n"
                      - kind: DimStatement
                        children:
                          - kind: DimKeyword
                            text: Dim
                          - kind: Whitespace
                            text: " "
                          - kind: Identifier
                            text: I
                          - kind: Whitespace
                            text: " "
                          - kind: AsKeyword
                            text: As
                          - kind: Whitespace
                            text: " "
                          - kind: IntegerKeyword
                            text: Integer
                          - kind: Newline
                            text: "\n"
                      - kind: Newline
                        text: "\n"
                      - kind: ForStatement
                        children:
                          - kind: ForKeyword
                            text: For
                          - kind: Whitespace
                            text: " "
                          - kind: IdentifierExpression
                            children:
                              - kind: Identifier
                                text: I
                          - kind: Whitespace
                            text: " "
                          - kind: EqualityOperator
                            text: "="
                          - kind: Whitespace
                            text: " "
                          - kind: IdentifierExpression
                            children:
                              - kind: Identifier
                                text: Row
                          - kind: Whitespace
                            text: " "
                          - kind: ToKeyword
                            text: To
                          - kind: Whitespace
                            text: " "
                          - kind: NumericLiteralExpression
                            children:
                              - kind: IntegerLiteral
                                text: "13"
                          - kind: Newline
                            text: "\n"
                          - kind: StatementList
                            children:
                              - kind: CallStatement
                                children:
                                  - kind: Whitespace
                                    text: "    "
                                  - kind: CallKeyword
                                    text: Call
                                  - kind: Whitespace
                                    text: " "
                                  - kind: Identifier
                                    text: Form_Main
                                  - kind: PeriodOperator
                                    text: "."
                                  - kind: Identifier
                                    text: VU_Spectrum
                                  - kind: PeriodOperator
                                    text: "."
                                  - kind: Identifier
                                    text: SetIndicatorActive
                                  - kind: LeftParenthesis
                                    text: (
                                  - kind: Identifier
                                    text: I
                                  - kind: Comma
                                    text: ","
                                  - kind: Whitespace
                                    text: " "
                                  - kind: Identifier
                                    text: Col
                                  - kind: Comma
                                    text: ","
                                  - kind: Whitespace
                                    text: " "
                                  - kind: TrueKeyword
                                    text: "True"
                                  - kind: RightParenthesis
                                    text: )
                                  - kind: Newline
                                    text: "\n"
                          - kind: NextKeyword
                            text: Next
                          - kind: Newline
                            text: "\n"
                      - kind: Unknown
                        text: End
                      - kind: Whitespace
                        text: " "
                      - kind: Unknown
                        text: Sub
                      - kind: Newline
                        text: "\n"
