---
source: tests/class.rs
expression: class
---
header:
  version:
    major: 1
    minor: 0
  properties:
    multi_use: MultiUse
    persistable: NotPersistable
    data_binding_behavior: None
    data_source_behavior: None
    mts_transaction_mode: NotAnMTSObject
  attributes:
    name:
      - 32
    global_name_space: Local
    creatable: "True"
    pre_declared_id: "False"
    exposed: "False"
    description: ~
    ext_key: {}
tokens:
  - Whitespace: "  "
  - Identifier: MultiUse
  - Whitespace: " "
  - EqualityOperator: "="
  - Whitespace: " "
  - SubtractionOperator: "-"
  - Number: "1"
  - Whitespace: "  "
  - Comment: "'True"
  - Newline: "\r\n"
  - Whitespace: "  "
  - Identifier: Persistable
  - Whitespace: " "
  - EqualityOperator: "="
  - Whitespace: " "
  - Number: "0"
  - Whitespace: "  "
  - Comment: "'NotPersistable"
  - Newline: "\r\n"
  - Whitespace: "  "
  - Identifier: DataBindingBehavior
  - Whitespace: " "
  - EqualityOperator: "="
  - Whitespace: " "
  - Number: "0"
  - Whitespace: "  "
  - Comment: "'vbNone"
  - Newline: "\r\n"
  - Whitespace: "  "
  - Identifier: DataSourceBehavior
  - Whitespace: "  "
  - EqualityOperator: "="
  - Whitespace: " "
  - Number: "0"
  - Whitespace: "  "
  - Comment: "'vbNone"
  - Newline: "\r\n"
  - Whitespace: "  "
  - Identifier: MTSTransactionMode
  - Whitespace: "  "
  - EqualityOperator: "="
  - Whitespace: " "
  - Number: "0"
  - Whitespace: "  "
  - Comment: "'NotAnMTSObject"
  - Newline: "\r\n"
  - EndKeyword: END
  - Newline: "\r\n"
  - AttributeKeyword: Attribute
  - Whitespace: " "
  - Identifier: VB_Name
  - Whitespace: " "
  - EqualityOperator: "="
  - Whitespace: " "
  - StringLiteral: "\"cSystemColorDialog\""
  - Newline: "\r\n"
  - AttributeKeyword: Attribute
  - Whitespace: " "
  - Identifier: VB_GlobalNameSpace
  - Whitespace: " "
  - EqualityOperator: "="
  - Whitespace: " "
  - FalseKeyword: "False"
  - Newline: "\r\n"
  - AttributeKeyword: Attribute
  - Whitespace: " "
  - Identifier: VB_Creatable
  - Whitespace: " "
  - EqualityOperator: "="
  - Whitespace: " "
  - TrueKeyword: "True"
  - Newline: "\r\n"
  - AttributeKeyword: Attribute
  - Whitespace: " "
  - Identifier: VB_PredeclaredId
  - Whitespace: " "
  - EqualityOperator: "="
  - Whitespace: " "
  - FalseKeyword: "False"
  - Newline: "\r\n"
  - AttributeKeyword: Attribute
  - Whitespace: " "
  - Identifier: VB_Exposed
  - Whitespace: " "
  - EqualityOperator: "="
  - Whitespace: " "
  - FalseKeyword: "False"
  - Newline: "\r\n"
  - Comment: "'Display a system color selection dialog"
  - Newline: "\r\n"
  - Comment: "' Adopted from a reference implementation at http://www.devx.com/vb2themax/Tip/19257, originally by Marco Bellinaso"
  - Newline: "\r\n"
  - Comment: "' See also the MSDN documentation for ChooseColor at https://msdn.microsoft.com/en-us/library/windows/desktop/ms646912%28v=vs.85%29.aspx?f=255&MSPPError=-2147217396"
  - Newline: "\r\n"
  - Newline: "\r\n"
  - OptionKeyword: Option
  - Whitespace: " "
  - ExplicitKeyword: Explicit
  - Newline: "\r\n"
  - Newline: "\r\n"
  - PrivateKeyword: Private
  - Whitespace: " "
  - TypeKeyword: Type
  - Whitespace: " "
  - Identifier: ChooseColorStruct
  - Newline: "\r\n"
  - Whitespace: "    "
  - Identifier: lStructSize
  - Whitespace: " "
  - AsKeyword: As
  - Whitespace: " "
  - LongKeyword: Long
  - Newline: "\r\n"
  - Whitespace: "    "
  - Identifier: hwndOwner
  - Whitespace: " "
  - AsKeyword: As
  - Whitespace: " "
  - LongKeyword: Long
  - Newline: "\r\n"
  - Whitespace: "    "
  - Identifier: hInstance
  - Whitespace: " "
  - AsKeyword: As
  - Whitespace: " "
  - LongKeyword: Long
  - Newline: "\r\n"
  - Whitespace: "    "
  - Identifier: rgbResult
  - Whitespace: " "
  - AsKeyword: As
  - Whitespace: " "
  - LongKeyword: Long
  - Newline: "\r\n"
  - Whitespace: "    "
  - Identifier: lpCustColors
  - Whitespace: " "
  - AsKeyword: As
  - Whitespace: " "
  - LongKeyword: Long
  - Newline: "\r\n"
  - Whitespace: "    "
  - Identifier: flags
  - Whitespace: " "
  - AsKeyword: As
  - Whitespace: " "
  - LongKeyword: Long
  - Newline: "\r\n"
  - Whitespace: "    "
  - Identifier: lCustData
  - Whitespace: " "
  - AsKeyword: As
  - Whitespace: " "
  - LongKeyword: Long
  - Newline: "\r\n"
  - Whitespace: "    "
  - Identifier: lpfnHook
  - Whitespace: " "
  - AsKeyword: As
  - Whitespace: " "
  - LongKeyword: Long
  - Newline: "\r\n"
  - Whitespace: "    "
  - Identifier: lpTemplateName
  - Whitespace: " "
  - AsKeyword: As
  - Whitespace: " "
  - StringKeyword: String
  - Newline: "\r\n"
  - EndKeyword: End
  - Whitespace: " "
  - TypeKeyword: Type
  - Newline: "\r\n"
  - Newline: "\r\n"
  - PrivateKeyword: Private
  - Whitespace: " "
  - DeclareKeyword: Declare
  - Whitespace: " "
  - FunctionKeyword: Function
  - Whitespace: " "
  - Identifier: ChooseColor
  - Whitespace: " "
  - LibKeyword: Lib
  - Whitespace: " "
  - StringLiteral: "\"comdlg32.dll\""
  - Whitespace: " "
  - AliasKeyword: Alias
  - Whitespace: " "
  - StringLiteral: "\"ChooseColorA\""
  - Whitespace: " "
  - LeftParentheses: (
  - Identifier: lpChooseColor
  - Whitespace: " "
  - AsKeyword: As
  - Whitespace: " "
  - Identifier: ChooseColorStruct
  - RightParentheses: )
  - Whitespace: " "
  - AsKeyword: As
  - Whitespace: " "
  - LongKeyword: Long
  - Newline: "\r\n"
  - PrivateKeyword: Private
  - Whitespace: " "
  - DeclareKeyword: Declare
  - Whitespace: " "
  - FunctionKeyword: Function
  - Whitespace: " "
  - Identifier: OleTranslateColor
  - Whitespace: " "
  - LibKeyword: Lib
  - Whitespace: " "
  - StringLiteral: "\"oleaut32.dll\""
  - Whitespace: " "
  - LeftParentheses: (
  - ByValKeyword: ByVal
  - Whitespace: " "
  - Identifier: lOleColor
  - Whitespace: " "
  - AsKeyword: As
  - Whitespace: " "
  - LongKeyword: Long
  - Comma: ","
  - Whitespace: " "
  - ByValKeyword: ByVal
  - Whitespace: " "
  - Identifier: lHPalette
  - Whitespace: " "
  - AsKeyword: As
  - Whitespace: " "
  - LongKeyword: Long
  - Comma: ","
  - Whitespace: " "
  - Identifier: lColorRef
  - Whitespace: " "
  - AsKeyword: As
  - Whitespace: " "
  - LongKeyword: Long
  - RightParentheses: )
  - Whitespace: " "
  - AsKeyword: As
  - Whitespace: " "
  - LongKeyword: Long
  - Newline: "\r\n"
  - Whitespace: "    "
  - Newline: "\r\n"
  - PrivateKeyword: Private
  - Whitespace: " "
  - ConstKeyword: Const
  - Whitespace: " "
  - Identifier: CC_RGBINIT
  - Whitespace: " "
  - EqualityOperator: "="
  - Whitespace: " "
  - Ampersand: "&"
  - Identifier: H1
  - Ampersand: "&"
  - Newline: "\r\n"
  - PrivateKeyword: Private
  - Whitespace: " "
  - ConstKeyword: Const
  - Whitespace: " "
  - Identifier: CC_FULLOPEN
  - Whitespace: " "
  - EqualityOperator: "="
  - Whitespace: " "
  - Ampersand: "&"
  - Identifier: H2
  - Ampersand: "&"
  - Newline: "\r\n"
  - PrivateKeyword: Private
  - Whitespace: " "
  - ConstKeyword: Const
  - Whitespace: " "
  - Identifier: CC_PREVENTFULLOPEN
  - Whitespace: " "
  - EqualityOperator: "="
  - Whitespace: " "
  - Ampersand: "&"
  - Identifier: H4
  - Ampersand: "&"
  - Newline: "\r\n"
  - PrivateKeyword: Private
  - Whitespace: " "
  - ConstKeyword: Const
  - Whitespace: " "
  - Identifier: CC_SHOWHELP
  - Whitespace: " "
  - EqualityOperator: "="
  - Whitespace: " "
  - Ampersand: "&"
  - Identifier: H8
  - Ampersand: "&"
  - Newline: "\r\n"
  - PrivateKeyword: Private
  - Whitespace: " "
  - ConstKeyword: Const
  - Whitespace: " "
  - Identifier: CC_ENABLEHOOK
  - Whitespace: " "
  - EqualityOperator: "="
  - Whitespace: " "
  - Ampersand: "&"
  - Identifier: H10
  - Ampersand: "&"
  - Newline: "\r\n"
  - PrivateKeyword: Private
  - Whitespace: " "
  - ConstKeyword: Const
  - Whitespace: " "
  - Identifier: CC_ENABLETEMPLATE
  - Whitespace: " "
  - EqualityOperator: "="
  - Whitespace: " "
  - Ampersand: "&"
  - Identifier: H20
  - Ampersand: "&"
  - Newline: "\r\n"
  - PrivateKeyword: Private
  - Whitespace: " "
  - ConstKeyword: Const
  - Whitespace: " "
  - Identifier: CC_ENABLETEMPLATEHANDLE
  - Whitespace: " "
  - EqualityOperator: "="
  - Whitespace: " "
  - Ampersand: "&"
  - Identifier: H40
  - Ampersand: "&"
  - Newline: "\r\n"
  - PrivateKeyword: Private
  - Whitespace: " "
  - ConstKeyword: Const
  - Whitespace: " "
  - Identifier: CC_SOLIDCOLOR
  - Whitespace: " "
  - EqualityOperator: "="
  - Whitespace: " "
  - Ampersand: "&"
  - Identifier: H80
  - Ampersand: "&"
  - Newline: "\r\n"
  - PrivateKeyword: Private
  - Whitespace: " "
  - ConstKeyword: Const
  - Whitespace: " "
  - Identifier: CC_ANYCOLOR
  - Whitespace: " "
  - EqualityOperator: "="
  - Whitespace: " "
  - Ampersand: "&"
  - Identifier: H100
  - Ampersand: "&"
  - Newline: "\r\n"
  - PrivateKeyword: Private
  - Whitespace: " "
  - ConstKeyword: Const
  - Whitespace: " "
  - Identifier: CLR_INVALID
  - Whitespace: " "
  - EqualityOperator: "="
  - Whitespace: " "
  - Ampersand: "&"
  - Identifier: HFFFF
  - Newline: "\r\n"
  - Newline: "\r\n"
  - Comment: "' Show the common dialog for choosing a color."
  - Newline: "\r\n"
  - Comment: "' Returns TRUE if OK was selected; FALSE otherwise"
  - Newline: "\r\n"
  - Comment: "'"
  - Newline: "\r\n"
  - Comment: "' dstColor holds the return value; this value is nonsense if the function returns FALSE"
  - Newline: "\r\n"
  - Comment: "' hParent is the handle (hWnd) of the parent form"
  - Newline: "\r\n"
  - Comment: "' showFullDialog specifies whether the dialog will show both selection panels by default"
  - Newline: "\r\n"
  - Comment: "' initColor is the color initially selected when the dialog is open"
  - Newline: "\r\n"
  - Newline: "\r\n"
  - Comment: "' Example:"
  - Newline: "\r\n"
  - Comment: "'    Dim oleNewColor As OLE_COLOR"
  - Newline: "\r\n"
  - Comment: "'    If ShowColorsDialog(oleNewColor, Me.hwnd, True, vbRed) Then Me.BackColor = oleNewColor"
  - Newline: "\r\n"
  - FunctionKeyword: Function
  - Whitespace: " "
  - Identifier: ShowColorDialog
  - LeftParentheses: (
  - ByRefKeyword: ByRef
  - Whitespace: " "
  - Identifier: dstColor
  - Whitespace: " "
  - AsKeyword: As
  - Whitespace: " "
  - LongKeyword: Long
  - Comma: ","
  - Whitespace: " "
  - OptionalKeyword: Optional
  - Whitespace: " "
  - ByValKeyword: ByVal
  - Whitespace: " "
  - Identifier: hParent
  - Whitespace: " "
  - AsKeyword: As
  - Whitespace: " "
  - LongKeyword: Long
  - Whitespace: " "
  - EqualityOperator: "="
  - Whitespace: " "
  - Number: "0"
  - Ampersand: "&"
  - Comma: ","
  - Whitespace: " "
  - OptionalKeyword: Optional
  - Whitespace: " "
  - ByValKeyword: ByVal
  - Whitespace: " "
  - Identifier: showFullDialog
  - Whitespace: " "
  - AsKeyword: As
  - Whitespace: " "
  - BooleanKeyword: Boolean
  - Comma: ","
  - Whitespace: " "
  - OptionalKeyword: Optional
  - Whitespace: " "
  - ByValKeyword: ByVal
  - Whitespace: " "
  - Identifier: initColor
  - Whitespace: " "
  - AsKeyword: As
  - Whitespace: " "
  - Identifier: OLE_COLOR
  - RightParentheses: )
  - Whitespace: " "
  - AsKeyword: As
  - Whitespace: " "
  - BooleanKeyword: Boolean
  - Newline: "\r\n"
  - Whitespace: "    "
  - Newline: "\r\n"
  - Whitespace: "    "
  - DimKeyword: Dim
  - Whitespace: " "
  - Identifier: cc
  - Whitespace: " "
  - AsKeyword: As
  - Whitespace: " "
  - Identifier: ChooseColorStruct
  - Newline: "\r\n"
  - Whitespace: "    "
  - DimKeyword: Dim
  - Whitespace: " "
  - Identifier: aColorRef
  - LeftParentheses: (
  - Number: "15"
  - RightParentheses: )
  - Whitespace: " "
  - AsKeyword: As
  - Whitespace: " "
  - LongKeyword: Long
  - Newline: "\r\n"
  - Whitespace: "    "
  - DimKeyword: Dim
  - Whitespace: " "
  - Identifier: lInitColor
  - Whitespace: " "
  - AsKeyword: As
  - Whitespace: " "
  - LongKeyword: Long
  - Newline: "\r\n"
  - Whitespace: "  "
  - Newline: "\r\n"
  - Whitespace: "    "
  - Comment: "' Translate the initial OLE color to a long value"
  - Newline: "\r\n"
  - Whitespace: "    "
  - IfKeyword: If
  - Whitespace: " "
  - LeftParentheses: (
  - Identifier: initColor
  - Whitespace: " "
  - LessThanOperator: "<"
  - GreaterThanOperator: ">"
  - Whitespace: " "
  - Number: "0"
  - RightParentheses: )
  - Whitespace: " "
  - ThenKeyword: Then
  - Newline: "\r\n"
  - Whitespace: "        "
  - IfKeyword: If
  - Whitespace: " "
  - Identifier: OleTranslateColor
  - LeftParentheses: (
  - Identifier: initColor
  - Comma: ","
  - Whitespace: " "
  - Number: "0"
  - Comma: ","
  - Whitespace: " "
  - Identifier: lInitColor
  - RightParentheses: )
  - Whitespace: " "
  - ThenKeyword: Then
  - Whitespace: " "
  - Identifier: lInitColor
  - Whitespace: " "
  - EqualityOperator: "="
  - Whitespace: " "
  - Identifier: CLR_INVALID
  - Newline: "\r\n"
  - Whitespace: "    "
  - EndKeyword: End
  - Whitespace: " "
  - IfKeyword: If
  - Newline: "\r\n"
  - Whitespace: "    "
  - Newline: "\r\n"
  - Whitespace: "    "
  - Comment: "' Fill the ChooseColorStruct struct"
  - Newline: "\r\n"
  - Whitespace: "    "
  - WithKeyword: With
  - Whitespace: " "
  - Identifier: cc
  - Newline: "\r\n"
  - Whitespace: "        "
  - PeriodOperator: "."
  - Identifier: lStructSize
  - Whitespace: " "
  - EqualityOperator: "="
  - Whitespace: " "
  - LenKeyword: Len
  - LeftParentheses: (
  - Identifier: cc
  - RightParentheses: )
  - Newline: "\r\n"
  - Whitespace: "        "
  - PeriodOperator: "."
  - Identifier: hwndOwner
  - Whitespace: " "
  - EqualityOperator: "="
  - Whitespace: " "
  - Identifier: hParent
  - Newline: "\r\n"
  - Whitespace: "        "
  - PeriodOperator: "."
  - Identifier: lpCustColors
  - Whitespace: " "
  - EqualityOperator: "="
  - Whitespace: " "
  - Identifier: VarPtr
  - LeftParentheses: (
  - Identifier: aColorRef
  - LeftParentheses: (
  - Number: "0"
  - RightParentheses: )
  - RightParentheses: )
  - Newline: "\r\n"
  - Whitespace: "        "
  - PeriodOperator: "."
  - Identifier: rgbResult
  - Whitespace: " "
  - EqualityOperator: "="
  - Whitespace: " "
  - Identifier: initColor
  - Newline: "\r\n"
  - Whitespace: "        "
  - PeriodOperator: "."
  - Identifier: flags
  - Whitespace: " "
  - EqualityOperator: "="
  - Whitespace: " "
  - Identifier: CC_SOLIDCOLOR
  - Whitespace: " "
  - OrKeyword: Or
  - Whitespace: " "
  - Identifier: CC_ANYCOLOR
  - Whitespace: " "
  - OrKeyword: Or
  - Whitespace: " "
  - Identifier: CC_RGBINIT
  - Whitespace: " "
  - OrKeyword: Or
  - Whitespace: " "
  - Identifier: IIf
  - LeftParentheses: (
  - Identifier: showFullDialog
  - Comma: ","
  - Whitespace: " "
  - Identifier: CC_FULLOPEN
  - Comma: ","
  - Whitespace: " "
  - Number: "0"
  - RightParentheses: )
  - Newline: "\r\n"
  - Whitespace: "    "
  - EndKeyword: End
  - Whitespace: " "
  - WithKeyword: With
  - Newline: "\r\n"
  - Whitespace: "    "
  - Newline: "\r\n"
  - Whitespace: "    "
  - Comment: "' Show the dialog and return the result (if any)"
  - Newline: "\r\n"
  - Whitespace: "    "
  - Identifier: ShowColorDialog
  - Whitespace: " "
  - EqualityOperator: "="
  - Whitespace: " "
  - Identifier: CBool
  - LeftParentheses: (
  - Identifier: ChooseColor
  - LeftParentheses: (
  - Identifier: cc
  - RightParentheses: )
  - RightParentheses: )
  - Newline: "\r\n"
  - Whitespace: "    "
  - IfKeyword: If
  - Whitespace: " "
  - Identifier: ShowColorDialog
  - Whitespace: " "
  - ThenKeyword: Then
  - Whitespace: " "
  - Identifier: dstColor
  - Whitespace: " "
  - EqualityOperator: "="
  - Whitespace: " "
  - Identifier: cc
  - PeriodOperator: "."
  - Identifier: rgbResult
  - Newline: "\r\n"
  - Whitespace: "    "
  - Newline: "\r\n"
  - EndKeyword: End
  - Whitespace: " "
  - FunctionKeyword: Function
  - Newline: "\r\n"
  - Newline: "\r\n"
  - EOF
