---
source: tests/form.rs
expression: form_file
---
form:
  name:
    - 102
    - 114
    - 109
    - 66
    - 108
    - 97
    - 99
    - 107
    - 108
    - 105
    - 103
    - 104
    - 116
  tag: []
  index: 0
  kind:
    Form:
      properties:
        appearance: ThreeD
        auto_redraw: Manual
        back_color:
          System:
            index: 5
        border_style: FixedSingle
        caption:
          - 66
          - 108
          - 97
          - 99
          - 107
          - 108
          - 105
          - 103
          - 104
          - 116
          - 32
          - 69
          - 102
          - 102
          - 101
          - 99
          - 116
          - 32
          - 45
          - 32
          - 116
          - 97
          - 110
          - 110
          - 101
          - 114
          - 104
          - 101
          - 108
          - 108
          - 97
          - 110
          - 100
          - 46
          - 99
          - 111
          - 109
        client_height: 5820
        client_left: 45
        client_top: 630
        client_width: 6270
        clip_controls: Clipped
        control_box: Included
        draw_mode: CopyPen
        draw_style: Solid
        draw_width: 1
        enabled: Enabled
        fill_color:
          System:
            index: 0
        fill_style: Transparent
        font_transparent: Transparent
        fore_color:
          System:
            index: 18
        has_dc: "No"
        height: 240
        help_context_id: 0
        icon: ~
        key_preview: false
        left: 0
        link_mode: None
        link_topic:
          - 70
          - 111
          - 114
          - 109
          - 49
        max_button: Excluded
        mdi_child: false
        min_button: Excluded
        mouse_icon: ~
        mouse_pointer: Default
        moveable: Moveable
        negotiate_menus: true
        ole_drop_mode: None
        palette: ~
        palette_mode: HalfTone
        picture: ~
        right_to_left: LeftToRight
        scale_height: 388
        scale_left: 0
        scale_mode: Pixel
        scale_top: 0
        scale_width: 418
        show_in_taskbar: Show
        start_up_position: CenterScreen
        top: 0
        visible: Visible
        whats_this_button: Excluded
        whats_this_help: F1Help
        width: 240
        window_state: Normal
      controls:
        - name:
            - 99
            - 104
            - 107
            - 69
            - 110
            - 97
            - 98
            - 108
            - 101
          tag: []
          index: 0
          kind:
            CheckBox:
              properties:
                alignment: LeftJustify
                appearance: Flat
                back_color:
                  System:
                    index: 5
                caption:
                  - 69
                  - 110
                  - 97
                  - 98
                  - 108
                  - 101
                  - 32
                  - 66
                  - 108
                  - 97
                  - 99
                  - 107
                  - 108
                  - 105
                  - 103
                  - 104
                  - 116
                  - 32
                  - 69
                  - 102
                  - 102
                  - 101
                  - 99
                  - 116
                causes_validation: "Yes"
                data_field: []
                data_format: []
                data_member: []
                data_source: []
                disabled_picture: ~
                down_picture: ~
                drag_icon: ~
                drag_mode: Manual
                enabled: Enabled
                fore_color:
                  System:
                    index: 8
                height: 375
                help_context_id: 0
                left: 120
                mask_color:
                  RGB:
                    red: 192
                    green: 192
                    blue: 192
                mouse_icon: ~
                mouse_pointer: Default
                ole_drop_mode: None
                picture: ~
                right_to_left: LeftToRight
                style: Standard
                tab_index: 4
                tab_stop: Included
                tool_tip_text: []
                top: 120
                use_mask_color: DoNotUseMaskColor
                value: Checked
                visible: Visible
                whats_this_help_id: 0
                width: 2295
        - name:
            - 104
            - 83
            - 99
            - 114
            - 111
            - 108
            - 108
          tag: []
          index: 0
          kind:
            HScrollBar:
              properties:
                causes_validation: "Yes"
                drag_icon: ~
                drag_mode: Manual
                enabled: Enabled
                height: 255
                help_context_id: 0
                large_change: 1
                left: 960
                max: 10
                min: 1
                mouse_icon: ~
                mouse_pointer: Default
                right_to_left: LeftToRight
                small_change: 1
                tab_index: 3
                tab_stop: Included
                top: 720
                value: 2
                visible: Visible
                whats_this_help_id: 0
                width: 5175
        - name:
            - 112
            - 105
            - 99
            - 77
            - 97
            - 105
            - 110
          tag: []
          index: 0
          kind:
            PictureBox:
              properties:
                align: None
                appearance: Flat
                auto_redraw: Automatic
                auto_size: Fixed
                back_color:
                  System:
                    index: 5
                border_style: FixedSingle
                causes_validation: "Yes"
                clip_controls: Clipped
                data_field: []
                data_format: []
                data_member: []
                data_source: []
                drag_icon: ~
                drag_mode: Manual
                draw_mode: CopyPen
                draw_style: Solid
                draw_width: 1
                enabled: Enabled
                fill_color:
                  System:
                    index: 0
                fill_style: Transparent
                font_transparent: Transparent
                fore_color:
                  System:
                    index: 8
                has_dc: "Yes"
                height: 4530
                help_context_id: 0
                left: 120
                link_item: []
                link_mode: None
                link_timeout: 50
                link_topic: []
                mouse_icon: ~
                mouse_pointer: Default
                negotiate: false
                ole_drag_mode: Manual
                ole_drop_mode: None
                picture: ~
                right_to_left: LeftToRight
                scale_height: 300
                scale_left: 0
                scale_mode: Pixel
                scale_top: 0
                scale_width: 400
                tab_index: 0
                tab_stop: Included
                tool_tip_text: []
                top: 1080
                visible: Visible
                whats_this_help_id: 0
                width: 6030
        - name:
            - 112
            - 105
            - 99
            - 66
            - 97
            - 99
            - 107
          tag: []
          index: 0
          kind:
            PictureBox:
              properties:
                align: None
                appearance: Flat
                auto_redraw: Automatic
                auto_size: Resize
                back_color:
                  System:
                    index: 5
                border_style: FixedSingle
                causes_validation: "Yes"
                clip_controls: Clipped
                data_field: []
                data_format: []
                data_member: []
                data_source: []
                drag_icon: ~
                drag_mode: Manual
                draw_mode: CopyPen
                draw_style: Solid
                draw_width: 1
                enabled: Enabled
                fill_color:
                  System:
                    index: 0
                fill_style: Transparent
                font_transparent: Transparent
                fore_color:
                  System:
                    index: 8
                has_dc: "Yes"
                height: 4530
                help_context_id: 0
                left: 120
                link_item: []
                link_mode: None
                link_timeout: 50
                link_topic: []
                mouse_icon: ~
                mouse_pointer: Default
                negotiate: false
                ole_drag_mode: Manual
                ole_drop_mode: None
                picture: ~
                right_to_left: LeftToRight
                scale_height: 300
                scale_left: 0
                scale_mode: Pixel
                scale_top: 0
                scale_width: 400
                tab_index: 1
                tab_stop: Included
                tool_tip_text: []
                top: 1080
                visible: Hidden
                whats_this_help_id: 0
                width: 6030
        - name:
            - 76
            - 97
            - 98
            - 101
            - 108
            - 49
          tag: []
          index: 0
          kind:
            Label:
              properties:
                alignment: LeftJustify
                appearance: Flat
                auto_size: Resize
                back_color:
                  System:
                    index: 5
                back_style: Transparent
                border_style: None
                caption:
                  - 73
                  - 110
                  - 116
                  - 101
                  - 110
                  - 115
                  - 105
                  - 116
                  - 121
                  - 58
                data_field: []
                data_format: []
                data_member: []
                data_source: []
                drag_icon: ~
                drag_mode: Manual
                enabled: Enabled
                fore_color:
                  System:
                    index: 8
                height: 255
                left: 120
                link_item: []
                link_mode: None
                link_timeout: 50
                link_topic: []
                mouse_icon: ~
                mouse_pointer: Default
                ole_drop_mode: None
                right_to_left: LeftToRight
                tab_index: 2
                tool_tip_text: []
                top: 720
                use_mnemonic: true
                visible: Visible
                whats_this_help_id: 0
                width: 750
                word_wrap: NonWrapping
      menus:
        - name:
            - 109
            - 110
            - 117
            - 70
            - 105
            - 108
            - 101
          tag: []
          index: 0
          properties:
            caption:
              - 38
              - 70
              - 105
              - 108
              - 101
            checked: false
            enabled: Enabled
            help_context_id: 0
            negotiate_position: None
            shortcut: ~
            visible: Visible
            window_list: false
          sub_menus:
            - name:
                - 109
                - 110
                - 117
                - 79
                - 112
                - 101
                - 110
                - 73
                - 109
                - 97
                - 103
                - 101
              tag: []
              index: 0
              properties:
                caption:
                  - 38
                  - 79
                  - 112
                  - 101
                  - 110
                  - 32
                  - 105
                  - 109
                  - 97
                  - 103
                  - 101
                checked: false
                enabled: Enabled
                help_context_id: 0
                negotiate_position: None
                shortcut: ~
                visible: Visible
                window_list: false
              sub_menus: []
objects: []
format_version:
  major: 5
  minor: 0
attributes:
  name:
    - 102
    - 114
    - 109
    - 66
    - 108
    - 97
    - 99
    - 107
    - 108
    - 105
    - 103
    - 104
    - 116
  global_name_space: Local
  creatable: "False"
  pre_declared_id: "True"
  exposed: "False"
  description: ~
  ext_key: {}
tokens:
  source_file: Blacklight.frm
  tokens:
    - - "'***************************************************************************"
      - EndOfLineComment
    - - "\r\n"
      - Newline
    - - "'Copyright 2018 by Tanner Helland"
      - EndOfLineComment
    - - "\r\n"
      - Newline
    - - "' www.tannerhelland.com"
      - EndOfLineComment
    - - "\r\n"
      - Newline
    - - "'"
      - EndOfLineComment
    - - "\r\n"
      - Newline
    - - "'Documentation for this project can be found at https://tannerhelland.com/code/"
      - EndOfLineComment
    - - "\r\n"
      - Newline
    - - "'"
      - EndOfLineComment
    - - "\r\n"
      - Newline
    - - "'The source code in this project is licensed under a Simplified BSD license."
      - EndOfLineComment
    - - "\r\n"
      - Newline
    - - "' For more information, please review LICENSE.md at https://github.com/tannerhelland/thdc-code/"
      - EndOfLineComment
    - - "\r\n"
      - Newline
    - - "'"
      - EndOfLineComment
    - - "\r\n"
      - Newline
    - - "'If you find this code useful, please consider a small donation to https://www.paypal.me/TannerHelland"
      - EndOfLineComment
    - - "\r\n"
      - Newline
    - - "'"
      - EndOfLineComment
    - - "\r\n"
      - Newline
    - - "'***************************************************************************"
      - EndOfLineComment
    - - "\r\n"
      - Newline
    - - "\r\n"
      - Newline
    - - Option
      - OptionKeyword
    - - " "
      - Whitespace
    - - Explicit
      - ExplicitKeyword
    - - "\r\n"
      - Newline
    - - "\r\n"
      - Newline
    - - Private
      - PrivateKeyword
    - - " "
      - Whitespace
    - - Sub
      - SubKeyword
    - - " "
      - Whitespace
    - - chkEnable_Click
      - Identifier
    - - (
      - LeftParenthesis
    - - )
      - RightParenthesis
    - - "\r\n"
      - Newline
    - - "\r\n"
      - Newline
    - - "    "
      - Whitespace
    - - "'Toggle the effect"
      - EndOfLineComment
    - - "\r\n"
      - Newline
    - - "    "
      - Whitespace
    - - If
      - IfKeyword
    - - " "
      - Whitespace
    - - (
      - LeftParenthesis
    - - chkEnable
      - Identifier
    - - "."
      - PeriodOperator
    - - Value
      - Identifier
    - - " "
      - Whitespace
    - - "="
      - EqualityOperator
    - - " "
      - Whitespace
    - - vbChecked
      - Identifier
    - - )
      - RightParenthesis
    - - " "
      - Whitespace
    - - Then
      - ThenKeyword
    - - " "
      - Whitespace
    - - UpdateEffect
      - Identifier
    - - " "
      - Whitespace
    - - Else
      - ElseKeyword
    - - " "
      - Whitespace
    - - LoadImageAutosized
      - Identifier
    - - " "
      - Whitespace
    - - vbNullString
      - Identifier
    - - "\r\n"
      - Newline
    - - "    "
      - Whitespace
    - - "\r\n"
      - Newline
    - - End
      - EndKeyword
    - - " "
      - Whitespace
    - - Sub
      - SubKeyword
    - - "\r\n"
      - Newline
    - - "\r\n"
      - Newline
    - - Private
      - PrivateKeyword
    - - " "
      - Whitespace
    - - Sub
      - SubKeyword
    - - " "
      - Whitespace
    - - Form_Load
      - Identifier
    - - (
      - LeftParenthesis
    - - )
      - RightParenthesis
    - - "\r\n"
      - Newline
    - - "    "
      - Whitespace
    - - "\r\n"
      - Newline
    - - "    "
      - Whitespace
    - - "'Draw the initial effect with a default value, then update the image"
      - EndOfLineComment
    - - "\r\n"
      - Newline
    - - "    "
      - Whitespace
    - - If
      - IfKeyword
    - - " "
      - Whitespace
    - - (
      - LeftParenthesis
    - - App
      - Identifier
    - - "."
      - PeriodOperator
    - - LogMode
      - Identifier
    - - " "
      - Whitespace
    - - "="
      - EqualityOperator
    - - " "
      - Whitespace
    - - "0"
      - IntegerLiteral
    - - )
      - RightParenthesis
    - - " "
      - Whitespace
    - - Then
      - ThenKeyword
    - - " "
      - Whitespace
    - - Me
      - MeKeyword
    - - "."
      - PeriodOperator
    - - Caption
      - Identifier
    - - " "
      - Whitespace
    - - "="
      - EqualityOperator
    - - " "
      - Whitespace
    - - Me
      - MeKeyword
    - - "."
      - PeriodOperator
    - - Caption
      - Identifier
    - - " "
      - Whitespace
    - - "&"
      - Ampersand
    - - " "
      - Whitespace
    - - "\" - compile for significantly better performance!\""
      - StringLiteral
    - - "\r\n"
      - Newline
    - - "    "
      - Whitespace
    - - LoadImageAutosized
      - Identifier
    - - " "
      - Whitespace
    - - App
      - Identifier
    - - "."
      - PeriodOperator
    - - Path
      - Identifier
    - - " "
      - Whitespace
    - - "&"
      - Ampersand
    - - " "
      - Whitespace
    - - "\"\\sample.jpg\""
      - StringLiteral
    - - "\r\n"
      - Newline
    - - "    "
      - Whitespace
    - - UpdateEffect
      - Identifier
    - - "\r\n"
      - Newline
    - - "    "
      - Whitespace
    - - Me
      - MeKeyword
    - - "."
      - PeriodOperator
    - - Show
      - Identifier
    - - "\r\n"
      - Newline
    - - "    "
      - Whitespace
    - - "\r\n"
      - Newline
    - - End
      - EndKeyword
    - - " "
      - Whitespace
    - - Sub
      - SubKeyword
    - - "\r\n"
      - Newline
    - - "\r\n"
      - Newline
    - - "'When the blacklight intensity is changed, redraw the image effect (if it's enabled)"
      - EndOfLineComment
    - - "\r\n"
      - Newline
    - - Private
      - PrivateKeyword
    - - " "
      - Whitespace
    - - Sub
      - SubKeyword
    - - " "
      - Whitespace
    - - hScroll_Change
      - Identifier
    - - (
      - LeftParenthesis
    - - )
      - RightParenthesis
    - - "\r\n"
      - Newline
    - - "    "
      - Whitespace
    - - UpdateEffect
      - Identifier
    - - "\r\n"
      - Newline
    - - End
      - EndKeyword
    - - " "
      - Whitespace
    - - Sub
      - SubKeyword
    - - "\r\n"
      - Newline
    - - "\r\n"
      - Newline
    - - Private
      - PrivateKeyword
    - - " "
      - Whitespace
    - - Sub
      - SubKeyword
    - - " "
      - Whitespace
    - - hScroll_Scroll
      - Identifier
    - - (
      - LeftParenthesis
    - - )
      - RightParenthesis
    - - "\r\n"
      - Newline
    - - "    "
      - Whitespace
    - - UpdateEffect
      - Identifier
    - - "\r\n"
      - Newline
    - - End
      - EndKeyword
    - - " "
      - Whitespace
    - - Sub
      - SubKeyword
    - - "\r\n"
      - Newline
    - - "\r\n"
      - Newline
    - - Private
      - PrivateKeyword
    - - " "
      - Whitespace
    - - Sub
      - SubKeyword
    - - " "
      - Whitespace
    - - MnuOpenImage_Click
      - Identifier
    - - (
      - LeftParenthesis
    - - )
      - RightParenthesis
    - - "\r\n"
      - Newline
    - - "\r\n"
      - Newline
    - - "    "
      - Whitespace
    - - "'Windows common dialog interface"
      - EndOfLineComment
    - - "\r\n"
      - Newline
    - - "    "
      - Whitespace
    - - Dim
      - DimKeyword
    - - " "
      - Whitespace
    - - cDialog
      - Identifier
    - - " "
      - Whitespace
    - - As
      - AsKeyword
    - - " "
      - Whitespace
    - - pdOpenSaveDialog
      - Identifier
    - - "\r\n"
      - Newline
    - - "    "
      - Whitespace
    - - Set
      - SetKeyword
    - - " "
      - Whitespace
    - - cDialog
      - Identifier
    - - " "
      - Whitespace
    - - "="
      - EqualityOperator
    - - " "
      - Whitespace
    - - New
      - NewKeyword
    - - " "
      - Whitespace
    - - pdOpenSaveDialog
      - Identifier
    - - "\r\n"
      - Newline
    - - "    "
      - Whitespace
    - - "\r\n"
      - Newline
    - - "    "
      - Whitespace
    - - "'VB6's built-in image loader (which wraps an ancient OLE loader) only supports a"
      - EndOfLineComment
    - - "\r\n"
      - Newline
    - - "    "
      - Whitespace
    - - "' subset of modern image file types."
      - EndOfLineComment
    - - "\r\n"
      - Newline
    - - "    "
      - Whitespace
    - - Dim
      - DimKeyword
    - - " "
      - Whitespace
    - - cdfStr
      - Identifier
    - - " "
      - Whitespace
    - - As
      - AsKeyword
    - - " "
      - Whitespace
    - - String
      - StringKeyword
    - - "\r\n"
      - Newline
    - - "    "
      - Whitespace
    - - cdfStr
      - Identifier
    - - " "
      - Whitespace
    - - "="
      - EqualityOperator
    - - " "
      - Whitespace
    - - "\"All Compatible Graphics|*.bmp;*.jpg;*.jpeg;*.gif;*.wmf;*.emf|\""
      - StringLiteral
    - - "\r\n"
      - Newline
    - - "    "
      - Whitespace
    - - cdfStr
      - Identifier
    - - " "
      - Whitespace
    - - "="
      - EqualityOperator
    - - " "
      - Whitespace
    - - cdfStr
      - Identifier
    - - " "
      - Whitespace
    - - "&"
      - Ampersand
    - - " "
      - Whitespace
    - - "\"BMP - Windows Bitmap|*.bmp|EMF - Enhanced Metafile|*.emf|GIF - Compuserve|*.gif|JPG/JPEG - JFIF Compliant|*.jpg;*.jpeg|WMF - Windows Meta File|*.wmf|All files|*.*\""
      - StringLiteral
    - - "\r\n"
      - Newline
    - - "    "
      - Whitespace
    - - "\r\n"
      - Newline
    - - "    "
      - Whitespace
    - - Dim
      - DimKeyword
    - - " "
      - Whitespace
    - - sFile
      - Identifier
    - - " "
      - Whitespace
    - - As
      - AsKeyword
    - - " "
      - Whitespace
    - - String
      - StringKeyword
    - - "\r\n"
      - Newline
    - - "    "
      - Whitespace
    - - If
      - IfKeyword
    - - " "
      - Whitespace
    - - cDialog
      - Identifier
    - - "."
      - PeriodOperator
    - - GetOpenFileName
      - Identifier
    - - (
      - LeftParenthesis
    - - sFile
      - Identifier
    - - ","
      - Comma
    - - " "
      - Whitespace
    - - ","
      - Comma
    - - " "
      - Whitespace
    - - "True"
      - TrueKeyword
    - - ","
      - Comma
    - - " "
      - Whitespace
    - - "False"
      - FalseKeyword
    - - ","
      - Comma
    - - " "
      - Whitespace
    - - cdfStr
      - Identifier
    - - ","
      - Comma
    - - " "
      - Whitespace
    - - ","
      - Comma
    - - " "
      - Whitespace
    - - ","
      - Comma
    - - " "
      - Whitespace
    - - "\"Select image\""
      - StringLiteral
    - - ","
      - Comma
    - - " "
      - Whitespace
    - - ","
      - Comma
    - - " "
      - Whitespace
    - - Me
      - MeKeyword
    - - "."
      - PeriodOperator
    - - hWnd
      - Identifier
    - - )
      - RightParenthesis
    - - " "
      - Whitespace
    - - Then
      - ThenKeyword
    - - "\r\n"
      - Newline
    - - "        "
      - Whitespace
    - - "\r\n"
      - Newline
    - - "        "
      - Whitespace
    - - "'Load the image and refresh the effect"
      - EndOfLineComment
    - - "\r\n"
      - Newline
    - - "        "
      - Whitespace
    - - LoadImageAutosized
      - Identifier
    - - " "
      - Whitespace
    - - sFile
      - Identifier
    - - "\r\n"
      - Newline
    - - "        "
      - Whitespace
    - - UpdateEffect
      - Identifier
    - - "\r\n"
      - Newline
    - - "        "
      - Whitespace
    - - "\r\n"
      - Newline
    - - "    "
      - Whitespace
    - - End
      - EndKeyword
    - - " "
      - Whitespace
    - - If
      - IfKeyword
    - - "\r\n"
      - Newline
    - - "    "
      - Whitespace
    - - "\r\n"
      - Newline
    - - End
      - EndKeyword
    - - " "
      - Whitespace
    - - Sub
      - SubKeyword
    - - "\r\n"
      - Newline
    - - "\r\n"
      - Newline
    - - "'If a null string is passed, simply paint an unmodified copy of the backbuffer into the foreground buffer"
      - EndOfLineComment
    - - "\r\n"
      - Newline
    - - Private
      - PrivateKeyword
    - - " "
      - Whitespace
    - - Sub
      - SubKeyword
    - - " "
      - Whitespace
    - - LoadImageAutosized
      - Identifier
    - - (
      - LeftParenthesis
    - - Optional
      - OptionalKeyword
    - - " "
      - Whitespace
    - - ByVal
      - ByValKeyword
    - - " "
      - Whitespace
    - - srcFilePath
      - Identifier
    - - " "
      - Whitespace
    - - As
      - AsKeyword
    - - " "
      - Whitespace
    - - String
      - StringKeyword
    - - " "
      - Whitespace
    - - "="
      - EqualityOperator
    - - " "
      - Whitespace
    - - vbNullString
      - Identifier
    - - )
      - RightParenthesis
    - - "\r\n"
      - Newline
    - - "\r\n"
      - Newline
    - - "    "
      - Whitespace
    - - If
      - IfKeyword
    - - " "
      - Whitespace
    - - (
      - LeftParenthesis
    - - LenB
      - Identifier
    - - (
      - LeftParenthesis
    - - srcFilePath
      - Identifier
    - - )
      - RightParenthesis
    - - " "
      - Whitespace
    - - "<"
      - LessThanOperator
    - - ">"
      - GreaterThanOperator
    - - " "
      - Whitespace
    - - "0"
      - IntegerLiteral
    - - )
      - RightParenthesis
    - - " "
      - Whitespace
    - - Then
      - ThenKeyword
    - - " "
      - Whitespace
    - - picBack
      - Identifier
    - - "."
      - PeriodOperator
    - - Picture
      - Identifier
    - - " "
      - Whitespace
    - - "="
      - EqualityOperator
    - - " "
      - Whitespace
    - - LoadPicture
      - Identifier
    - - (
      - LeftParenthesis
    - - srcFilePath
      - Identifier
    - - )
      - RightParenthesis
    - - "\r\n"
      - Newline
    - - "        "
      - Whitespace
    - - "\r\n"
      - Newline
    - - "    "
      - Whitespace
    - - "'Copy the image, automatically resized, from the background picture box to the foreground one"
      - EndOfLineComment
    - - "\r\n"
      - Newline
    - - "    "
      - Whitespace
    - - Dim
      - DimKeyword
    - - " "
      - Whitespace
    - - fDraw
      - Identifier
    - - " "
      - Whitespace
    - - As
      - AsKeyword
    - - " "
      - Whitespace
    - - FastDrawing
      - Identifier
    - - "\r\n"
      - Newline
    - - "    "
      - Whitespace
    - - Set
      - SetKeyword
    - - " "
      - Whitespace
    - - fDraw
      - Identifier
    - - " "
      - Whitespace
    - - "="
      - EqualityOperator
    - - " "
      - Whitespace
    - - New
      - NewKeyword
    - - " "
      - Whitespace
    - - FastDrawing
      - Identifier
    - - "\r\n"
      - Newline
    - - "    "
      - Whitespace
    - - "\r\n"
      - Newline
    - - "    "
      - Whitespace
    - - Dim
      - DimKeyword
    - - " "
      - Whitespace
    - - ImageData
      - Identifier
    - - (
      - LeftParenthesis
    - - )
      - RightParenthesis
    - - " "
      - Whitespace
    - - As
      - AsKeyword
    - - " "
      - Whitespace
    - - Byte
      - ByteKeyword
    - - ","
      - Comma
    - - " "
      - Whitespace
    - - imgWidth
      - Identifier
    - - " "
      - Whitespace
    - - As
      - AsKeyword
    - - " "
      - Whitespace
    - - Long
      - LongKeyword
    - - ","
      - Comma
    - - " "
      - Whitespace
    - - imgHeight
      - Identifier
    - - " "
      - Whitespace
    - - As
      - AsKeyword
    - - " "
      - Whitespace
    - - Long
      - LongKeyword
    - - "\r\n"
      - Newline
    - - "    "
      - Whitespace
    - - imgWidth
      - Identifier
    - - " "
      - Whitespace
    - - "="
      - EqualityOperator
    - - " "
      - Whitespace
    - - fDraw
      - Identifier
    - - "."
      - PeriodOperator
    - - GetImageWidth
      - Identifier
    - - (
      - LeftParenthesis
    - - Me
      - MeKeyword
    - - "."
      - PeriodOperator
    - - picBack
      - Identifier
    - - )
      - RightParenthesis
    - - "\r\n"
      - Newline
    - - "    "
      - Whitespace
    - - imgHeight
      - Identifier
    - - " "
      - Whitespace
    - - "="
      - EqualityOperator
    - - " "
      - Whitespace
    - - fDraw
      - Identifier
    - - "."
      - PeriodOperator
    - - GetImageHeight
      - Identifier
    - - (
      - LeftParenthesis
    - - Me
      - MeKeyword
    - - "."
      - PeriodOperator
    - - picBack
      - Identifier
    - - )
      - RightParenthesis
    - - "\r\n"
      - Newline
    - - "    "
      - Whitespace
    - - fDraw
      - Identifier
    - - "."
      - PeriodOperator
    - - GetImageData2D
      - Identifier
    - - " "
      - Whitespace
    - - Me
      - MeKeyword
    - - "."
      - PeriodOperator
    - - picBack
      - Identifier
    - - ","
      - Comma
    - - " "
      - Whitespace
    - - ImageData
      - Identifier
    - - (
      - LeftParenthesis
    - - )
      - RightParenthesis
    - - "\r\n"
      - Newline
    - - "    "
      - Whitespace
    - - "\r\n"
      - Newline
    - - "    "
      - Whitespace
    - - Me
      - MeKeyword
    - - "."
      - PeriodOperator
    - - picMain
      - Identifier
    - - "."
      - PeriodOperator
    - - Width
      - WidthKeyword
    - - " "
      - Whitespace
    - - "="
      - EqualityOperator
    - - " "
      - Whitespace
    - - imgWidth
      - Identifier
    - - " "
      - Whitespace
    - - +
      - AdditionOperator
    - - " "
      - Whitespace
    - - "2"
      - IntegerLiteral
    - - "\r\n"
      - Newline
    - - "    "
      - Whitespace
    - - Me
      - MeKeyword
    - - "."
      - PeriodOperator
    - - picMain
      - Identifier
    - - "."
      - PeriodOperator
    - - Height
      - Identifier
    - - " "
      - Whitespace
    - - "="
      - EqualityOperator
    - - " "
      - Whitespace
    - - imgHeight
      - Identifier
    - - " "
      - Whitespace
    - - +
      - AdditionOperator
    - - " "
      - Whitespace
    - - "2"
      - IntegerLiteral
    - - "\r\n"
      - Newline
    - - "    "
      - Whitespace
    - - fDraw
      - Identifier
    - - "."
      - PeriodOperator
    - - SetImageData2D
      - Identifier
    - - " "
      - Whitespace
    - - Me
      - MeKeyword
    - - "."
      - PeriodOperator
    - - picMain
      - Identifier
    - - ","
      - Comma
    - - " "
      - Whitespace
    - - imgWidth
      - Identifier
    - - ","
      - Comma
    - - " "
      - Whitespace
    - - imgHeight
      - Identifier
    - - ","
      - Comma
    - - " "
      - Whitespace
    - - ImageData
      - Identifier
    - - (
      - LeftParenthesis
    - - )
      - RightParenthesis
    - - "\r\n"
      - Newline
    - - "    "
      - Whitespace
    - - "\r\n"
      - Newline
    - - "    "
      - Whitespace
    - - "'Resize the form to automatically contain the new picture box dimensions."
      - EndOfLineComment
    - - "\r\n"
      - Newline
    - - "    "
      - Whitespace
    - - "' (This performs some sloppy checks to keep the form from resizing larger than the primary display,"
      - EndOfLineComment
    - - "\r\n"
      - Newline
    - - "    "
      - Whitespace
    - - "'  but it is *not* good code - a proper solution would involve the AdjustWindowRect() API or similar!)"
      - EndOfLineComment
    - - "\r\n"
      - Newline
    - - "    "
      - Whitespace
    - - Dim
      - DimKeyword
    - - " "
      - Whitespace
    - - newWidth
      - Identifier
    - - " "
      - Whitespace
    - - As
      - AsKeyword
    - - " "
      - Whitespace
    - - Long
      - LongKeyword
    - - ","
      - Comma
    - - " "
      - Whitespace
    - - minWidth
      - Identifier
    - - " "
      - Whitespace
    - - As
      - AsKeyword
    - - " "
      - Whitespace
    - - Long
      - LongKeyword
    - - "\r\n"
      - Newline
    - - "    "
      - Whitespace
    - - minWidth
      - Identifier
    - - " "
      - Whitespace
    - - "="
      - EqualityOperator
    - - " "
      - Whitespace
    - - (
      - LeftParenthesis
    - - hScroll
      - Identifier
    - - "."
      - PeriodOperator
    - - Left
      - Identifier
    - - " "
      - Whitespace
    - - +
      - AdditionOperator
    - - " "
      - Whitespace
    - - hScroll
      - Identifier
    - - "."
      - PeriodOperator
    - - Width
      - WidthKeyword
    - - " "
      - Whitespace
    - - +
      - AdditionOperator
    - - " "
      - Whitespace
    - - "20"
      - IntegerLiteral
    - - )
      - RightParenthesis
    - - " "
      - Whitespace
    - - "*"
      - MultiplicationOperator
    - - " "
      - Whitespace
    - - Screen
      - Identifier
    - - "."
      - PeriodOperator
    - - TwipsPerPixelX
      - Identifier
    - - "\r\n"
      - Newline
    - - "    "
      - Whitespace
    - - If
      - IfKeyword
    - - " "
      - Whitespace
    - - (
      - LeftParenthesis
    - - imgWidth
      - Identifier
    - - " "
      - Whitespace
    - - "<"
      - LessThanOperator
    - - " "
      - Whitespace
    - - (
      - LeftParenthesis
    - - Screen
      - Identifier
    - - "."
      - PeriodOperator
    - - Width
      - WidthKeyword
    - - " "
      - Whitespace
    - - "\\"
      - BackwardSlashOperator
    - - " "
      - Whitespace
    - - Screen
      - Identifier
    - - "."
      - PeriodOperator
    - - TwipsPerPixelX
      - Identifier
    - - )
      - RightParenthesis
    - - " "
      - Whitespace
    - - "-"
      - SubtractionOperator
    - - " "
      - Whitespace
    - - "50"
      - IntegerLiteral
    - - )
      - RightParenthesis
    - - " "
      - Whitespace
    - - Then
      - ThenKeyword
    - - "\r\n"
      - Newline
    - - "        "
      - Whitespace
    - - newWidth
      - Identifier
    - - " "
      - Whitespace
    - - "="
      - EqualityOperator
    - - " "
      - Whitespace
    - - (
      - LeftParenthesis
    - - imgWidth
      - Identifier
    - - " "
      - Whitespace
    - - +
      - AdditionOperator
    - - " "
      - Whitespace
    - - picMain
      - Identifier
    - - "."
      - PeriodOperator
    - - Left
      - Identifier
    - - " "
      - Whitespace
    - - "*"
      - MultiplicationOperator
    - - " "
      - Whitespace
    - - "4"
      - IntegerLiteral
    - - )
      - RightParenthesis
    - - " "
      - Whitespace
    - - "*"
      - MultiplicationOperator
    - - " "
      - Whitespace
    - - Screen
      - Identifier
    - - "."
      - PeriodOperator
    - - TwipsPerPixelX
      - Identifier
    - - "\r\n"
      - Newline
    - - "        "
      - Whitespace
    - - If
      - IfKeyword
    - - " "
      - Whitespace
    - - (
      - LeftParenthesis
    - - newWidth
      - Identifier
    - - " "
      - Whitespace
    - - "<"
      - LessThanOperator
    - - " "
      - Whitespace
    - - minWidth
      - Identifier
    - - )
      - RightParenthesis
    - - " "
      - Whitespace
    - - Then
      - ThenKeyword
    - - " "
      - Whitespace
    - - newWidth
      - Identifier
    - - " "
      - Whitespace
    - - "="
      - EqualityOperator
    - - " "
      - Whitespace
    - - minWidth
      - Identifier
    - - "\r\n"
      - Newline
    - - "        "
      - Whitespace
    - - Me
      - MeKeyword
    - - "."
      - PeriodOperator
    - - Width
      - WidthKeyword
    - - " "
      - Whitespace
    - - "="
      - EqualityOperator
    - - " "
      - Whitespace
    - - newWidth
      - Identifier
    - - "\r\n"
      - Newline
    - - "    "
      - Whitespace
    - - End
      - EndKeyword
    - - " "
      - Whitespace
    - - If
      - IfKeyword
    - - "\r\n"
      - Newline
    - - "    "
      - Whitespace
    - - If
      - IfKeyword
    - - " "
      - Whitespace
    - - (
      - LeftParenthesis
    - - imgHeight
      - Identifier
    - - " "
      - Whitespace
    - - "<"
      - LessThanOperator
    - - " "
      - Whitespace
    - - (
      - LeftParenthesis
    - - Screen
      - Identifier
    - - "."
      - PeriodOperator
    - - Height
      - Identifier
    - - " "
      - Whitespace
    - - "\\"
      - BackwardSlashOperator
    - - " "
      - Whitespace
    - - Screen
      - Identifier
    - - "."
      - PeriodOperator
    - - TwipsPerPixelY
      - Identifier
    - - )
      - RightParenthesis
    - - " "
      - Whitespace
    - - "-"
      - SubtractionOperator
    - - " "
      - Whitespace
    - - "50"
      - IntegerLiteral
    - - )
      - RightParenthesis
    - - " "
      - Whitespace
    - - Then
      - ThenKeyword
    - - " "
      - Whitespace
    - - Me
      - MeKeyword
    - - "."
      - PeriodOperator
    - - Height
      - Identifier
    - - " "
      - Whitespace
    - - "="
      - EqualityOperator
    - - " "
      - Whitespace
    - - (
      - LeftParenthesis
    - - imgHeight
      - Identifier
    - - " "
      - Whitespace
    - - +
      - AdditionOperator
    - - " "
      - Whitespace
    - - picMain
      - Identifier
    - - "."
      - PeriodOperator
    - - Top
      - Identifier
    - - " "
      - Whitespace
    - - "*"
      - MultiplicationOperator
    - - " "
      - Whitespace
    - - "2"
      - IntegerLiteral
    - - )
      - RightParenthesis
    - - " "
      - Whitespace
    - - "*"
      - MultiplicationOperator
    - - " "
      - Whitespace
    - - Screen
      - Identifier
    - - "."
      - PeriodOperator
    - - TwipsPerPixelY
      - Identifier
    - - "\r\n"
      - Newline
    - - "    "
      - Whitespace
    - - "\r\n"
      - Newline
    - - End
      - EndKeyword
    - - " "
      - Whitespace
    - - Sub
      - SubKeyword
    - - "\r\n"
      - Newline
    - - "\r\n"
      - Newline
    - - Private
      - PrivateKeyword
    - - " "
      - Whitespace
    - - Sub
      - SubKeyword
    - - " "
      - Whitespace
    - - UpdateEffect
      - Identifier
    - - (
      - LeftParenthesis
    - - )
      - RightParenthesis
    - - "\r\n"
      - Newline
    - - "    "
      - Whitespace
    - - If
      - IfKeyword
    - - " "
      - Whitespace
    - - (
      - LeftParenthesis
    - - chkEnable
      - Identifier
    - - "."
      - PeriodOperator
    - - Value
      - Identifier
    - - " "
      - Whitespace
    - - "="
      - EqualityOperator
    - - " "
      - Whitespace
    - - vbChecked
      - Identifier
    - - )
      - RightParenthesis
    - - " "
      - Whitespace
    - - Then
      - ThenKeyword
    - - " "
      - Whitespace
    - - DrawBlacklight
      - Identifier
    - - " "
      - Whitespace
    - - picBack
      - Identifier
    - - ","
      - Comma
    - - " "
      - Whitespace
    - - picMain
      - Identifier
    - - ","
      - Comma
    - - " "
      - Whitespace
    - - hScroll
      - Identifier
    - - "."
      - PeriodOperator
    - - Value
      - Identifier
    - - "\r\n"
      - Newline
    - - End
      - EndKeyword
    - - " "
      - Whitespace
    - - Sub
      - SubKeyword
    - - "\r\n"
      - Newline
    - - "\r\n"
      - Newline
    - - "'This is the core Blacklight function"
      - EndOfLineComment
    - - "\r\n"
      - Newline
    - - Public
      - PublicKeyword
    - - " "
      - Whitespace
    - - Sub
      - SubKeyword
    - - " "
      - Whitespace
    - - DrawBlacklight
      - Identifier
    - - (
      - LeftParenthesis
    - - ByRef
      - ByRefKeyword
    - - " "
      - Whitespace
    - - srcPic
      - Identifier
    - - " "
      - Whitespace
    - - As
      - AsKeyword
    - - " "
      - Whitespace
    - - PictureBox
      - Identifier
    - - ","
      - Comma
    - - " "
      - Whitespace
    - - ByRef
      - ByRefKeyword
    - - " "
      - Whitespace
    - - dstPic
      - Identifier
    - - " "
      - Whitespace
    - - As
      - AsKeyword
    - - " "
      - Whitespace
    - - PictureBox
      - Identifier
    - - ","
      - Comma
    - - " "
      - Whitespace
    - - Optional
      - OptionalKeyword
    - - " "
      - Whitespace
    - - ByVal
      - ByValKeyword
    - - " "
      - Whitespace
    - - fxWeight
      - Identifier
    - - " "
      - Whitespace
    - - As
      - AsKeyword
    - - " "
      - Whitespace
    - - Long
      - LongKeyword
    - - " "
      - Whitespace
    - - "="
      - EqualityOperator
    - - " "
      - Whitespace
    - - "2"
      - IntegerLiteral
    - - )
      - RightParenthesis
    - - "\r\n"
      - Newline
    - - "\r\n"
      - Newline
    - - "    "
      - Whitespace
    - - "'Coordinates, dimensions, and pixel data"
      - EndOfLineComment
    - - "\r\n"
      - Newline
    - - "    "
      - Whitespace
    - - Dim
      - DimKeyword
    - - " "
      - Whitespace
    - - x
      - Identifier
    - - " "
      - Whitespace
    - - As
      - AsKeyword
    - - " "
      - Whitespace
    - - Long
      - LongKeyword
    - - ","
      - Comma
    - - " "
      - Whitespace
    - - y
      - Identifier
    - - " "
      - Whitespace
    - - As
      - AsKeyword
    - - " "
      - Whitespace
    - - Long
      - LongKeyword
    - - ","
      - Comma
    - - " "
      - Whitespace
    - - imgWidth
      - Identifier
    - - " "
      - Whitespace
    - - As
      - AsKeyword
    - - " "
      - Whitespace
    - - Long
      - LongKeyword
    - - ","
      - Comma
    - - " "
      - Whitespace
    - - imgHeight
      - Identifier
    - - " "
      - Whitespace
    - - As
      - AsKeyword
    - - " "
      - Whitespace
    - - Long
      - LongKeyword
    - - ","
      - Comma
    - - " "
      - Whitespace
    - - imgPixels
      - Identifier
    - - (
      - LeftParenthesis
    - - )
      - RightParenthesis
    - - " "
      - Whitespace
    - - As
      - AsKeyword
    - - " "
      - Whitespace
    - - Byte
      - ByteKeyword
    - - "\r\n"
      - Newline
    - - "    "
      - Whitespace
    - - "\r\n"
      - Newline
    - - "    "
      - Whitespace
    - - "'Instantiate a FastDrawing class and gather the image's data (into imgpixels())"
      - EndOfLineComment
    - - "\r\n"
      - Newline
    - - "    "
      - Whitespace
    - - Dim
      - DimKeyword
    - - " "
      - Whitespace
    - - fDraw
      - Identifier
    - - " "
      - Whitespace
    - - As
      - AsKeyword
    - - " "
      - Whitespace
    - - New
      - NewKeyword
    - - " "
      - Whitespace
    - - FastDrawing
      - Identifier
    - - "\r\n"
      - Newline
    - - "    "
      - Whitespace
    - - imgWidth
      - Identifier
    - - " "
      - Whitespace
    - - "="
      - EqualityOperator
    - - " "
      - Whitespace
    - - fDraw
      - Identifier
    - - "."
      - PeriodOperator
    - - GetImageWidth
      - Identifier
    - - (
      - LeftParenthesis
    - - srcPic
      - Identifier
    - - )
      - RightParenthesis
    - - "\r\n"
      - Newline
    - - "    "
      - Whitespace
    - - imgHeight
      - Identifier
    - - " "
      - Whitespace
    - - "="
      - EqualityOperator
    - - " "
      - Whitespace
    - - fDraw
      - Identifier
    - - "."
      - PeriodOperator
    - - GetImageHeight
      - Identifier
    - - (
      - LeftParenthesis
    - - srcPic
      - Identifier
    - - )
      - RightParenthesis
    - - "\r\n"
      - Newline
    - - "    "
      - Whitespace
    - - fDraw
      - Identifier
    - - "."
      - PeriodOperator
    - - GetImageData2D
      - Identifier
    - - " "
      - Whitespace
    - - srcPic
      - Identifier
    - - ","
      - Comma
    - - " "
      - Whitespace
    - - imgPixels
      - Identifier
    - - (
      - LeftParenthesis
    - - )
      - RightParenthesis
    - - "\r\n"
      - Newline
    - - "    "
      - Whitespace
    - - "\r\n"
      - Newline
    - - "    "
      - Whitespace
    - - "'These variables will hold temporary pixel color values"
      - EndOfLineComment
    - - "\r\n"
      - Newline
    - - "    "
      - Whitespace
    - - Dim
      - DimKeyword
    - - " "
      - Whitespace
    - - r
      - Identifier
    - - " "
      - Whitespace
    - - As
      - AsKeyword
    - - " "
      - Whitespace
    - - Long
      - LongKeyword
    - - ","
      - Comma
    - - " "
      - Whitespace
    - - g
      - Identifier
    - - " "
      - Whitespace
    - - As
      - AsKeyword
    - - " "
      - Whitespace
    - - Long
      - LongKeyword
    - - ","
      - Comma
    - - " "
      - Whitespace
    - - b
      - Identifier
    - - " "
      - Whitespace
    - - As
      - AsKeyword
    - - " "
      - Whitespace
    - - Long
      - LongKeyword
    - - ","
      - Comma
    - - " "
      - Whitespace
    - - l
      - Identifier
    - - " "
      - Whitespace
    - - As
      - AsKeyword
    - - " "
      - Whitespace
    - - Long
      - LongKeyword
    - - "\r\n"
      - Newline
    - - "\r\n"
      - Newline
    - - "    "
      - Whitespace
    - - "'Run a quick loop through the image, adjusting pixel values as we go"
      - EndOfLineComment
    - - "\r\n"
      - Newline
    - - "    "
      - Whitespace
    - - Dim
      - DimKeyword
    - - " "
      - Whitespace
    - - xStride
      - Identifier
    - - " "
      - Whitespace
    - - As
      - AsKeyword
    - - " "
      - Whitespace
    - - Long
      - LongKeyword
    - - "\r\n"
      - Newline
    - - "    "
      - Whitespace
    - - "\r\n"
      - Newline
    - - "    "
      - Whitespace
    - - For
      - ForKeyword
    - - " "
      - Whitespace
    - - y
      - Identifier
    - - " "
      - Whitespace
    - - "="
      - EqualityOperator
    - - " "
      - Whitespace
    - - "0"
      - IntegerLiteral
    - - " "
      - Whitespace
    - - To
      - ToKeyword
    - - " "
      - Whitespace
    - - imgHeight
      - Identifier
    - - " "
      - Whitespace
    - - "-"
      - SubtractionOperator
    - - " "
      - Whitespace
    - - "1"
      - IntegerLiteral
    - - "\r\n"
      - Newline
    - - "    "
      - Whitespace
    - - For
      - ForKeyword
    - - " "
      - Whitespace
    - - x
      - Identifier
    - - " "
      - Whitespace
    - - "="
      - EqualityOperator
    - - " "
      - Whitespace
    - - "0"
      - IntegerLiteral
    - - " "
      - Whitespace
    - - To
      - ToKeyword
    - - " "
      - Whitespace
    - - imgWidth
      - Identifier
    - - " "
      - Whitespace
    - - "-"
      - SubtractionOperator
    - - " "
      - Whitespace
    - - "1"
      - IntegerLiteral
    - - "\r\n"
      - Newline
    - - "        "
      - Whitespace
    - - "\r\n"
      - Newline
    - - "        "
      - Whitespace
    - - xStride
      - Identifier
    - - " "
      - Whitespace
    - - "="
      - EqualityOperator
    - - " "
      - Whitespace
    - - x
      - Identifier
    - - " "
      - Whitespace
    - - "*"
      - MultiplicationOperator
    - - " "
      - Whitespace
    - - "3"
      - IntegerLiteral
    - - "\r\n"
      - Newline
    - - "        "
      - Whitespace
    - - "\r\n"
      - Newline
    - - "        "
      - Whitespace
    - - "'Windows DIBs are always in BGR order"
      - EndOfLineComment
    - - "\r\n"
      - Newline
    - - "        "
      - Whitespace
    - - b
      - Identifier
    - - " "
      - Whitespace
    - - "="
      - EqualityOperator
    - - " "
      - Whitespace
    - - imgPixels
      - Identifier
    - - (
      - LeftParenthesis
    - - xStride
      - Identifier
    - - ","
      - Comma
    - - " "
      - Whitespace
    - - y
      - Identifier
    - - )
      - RightParenthesis
    - - "\r\n"
      - Newline
    - - "        "
      - Whitespace
    - - g
      - Identifier
    - - " "
      - Whitespace
    - - "="
      - EqualityOperator
    - - " "
      - Whitespace
    - - imgPixels
      - Identifier
    - - (
      - LeftParenthesis
    - - xStride
      - Identifier
    - - " "
      - Whitespace
    - - +
      - AdditionOperator
    - - " "
      - Whitespace
    - - "1"
      - IntegerLiteral
    - - ","
      - Comma
    - - " "
      - Whitespace
    - - y
      - Identifier
    - - )
      - RightParenthesis
    - - "\r\n"
      - Newline
    - - "        "
      - Whitespace
    - - r
      - Identifier
    - - " "
      - Whitespace
    - - "="
      - EqualityOperator
    - - " "
      - Whitespace
    - - imgPixels
      - Identifier
    - - (
      - LeftParenthesis
    - - xStride
      - Identifier
    - - " "
      - Whitespace
    - - +
      - AdditionOperator
    - - " "
      - Whitespace
    - - "2"
      - IntegerLiteral
    - - ","
      - Comma
    - - " "
      - Whitespace
    - - y
      - Identifier
    - - )
      - RightParenthesis
    - - "\r\n"
      - Newline
    - - "        "
      - Whitespace
    - - "\r\n"
      - Newline
    - - "        "
      - Whitespace
    - - "'Calculate luminance.  (R + G + B) / 3 would also work."
      - EndOfLineComment
    - - "\r\n"
      - Newline
    - - "        "
      - Whitespace
    - - l
      - Identifier
    - - " "
      - Whitespace
    - - "="
      - EqualityOperator
    - - " "
      - Whitespace
    - - (
      - LeftParenthesis
    - - "222"
      - IntegerLiteral
    - - " "
      - Whitespace
    - - "*"
      - MultiplicationOperator
    - - " "
      - Whitespace
    - - r
      - Identifier
    - - " "
      - Whitespace
    - - +
      - AdditionOperator
    - - " "
      - Whitespace
    - - "707"
      - IntegerLiteral
    - - " "
      - Whitespace
    - - "*"
      - MultiplicationOperator
    - - " "
      - Whitespace
    - - g
      - Identifier
    - - " "
      - Whitespace
    - - +
      - AdditionOperator
    - - " "
      - Whitespace
    - - "71"
      - IntegerLiteral
    - - " "
      - Whitespace
    - - "*"
      - MultiplicationOperator
    - - " "
      - Whitespace
    - - b
      - Identifier
    - - )
      - RightParenthesis
    - - " "
      - Whitespace
    - - "\\"
      - BackwardSlashOperator
    - - " "
      - Whitespace
    - - "1000"
      - IntegerLiteral
    - - "\r\n"
      - Newline
    - - "        "
      - Whitespace
    - - "\r\n"
      - Newline
    - - "        "
      - Whitespace
    - - "'The blacklight effect is pretty simple!"
      - EndOfLineComment
    - - "\r\n"
      - Newline
    - - "        "
      - Whitespace
    - - r
      - Identifier
    - - " "
      - Whitespace
    - - "="
      - EqualityOperator
    - - " "
      - Whitespace
    - - Abs
      - Identifier
    - - (
      - LeftParenthesis
    - - r
      - Identifier
    - - " "
      - Whitespace
    - - "-"
      - SubtractionOperator
    - - " "
      - Whitespace
    - - l
      - Identifier
    - - )
      - RightParenthesis
    - - " "
      - Whitespace
    - - "*"
      - MultiplicationOperator
    - - " "
      - Whitespace
    - - fxWeight
      - Identifier
    - - "\r\n"
      - Newline
    - - "        "
      - Whitespace
    - - g
      - Identifier
    - - " "
      - Whitespace
    - - "="
      - EqualityOperator
    - - " "
      - Whitespace
    - - Abs
      - Identifier
    - - (
      - LeftParenthesis
    - - g
      - Identifier
    - - " "
      - Whitespace
    - - "-"
      - SubtractionOperator
    - - " "
      - Whitespace
    - - l
      - Identifier
    - - )
      - RightParenthesis
    - - " "
      - Whitespace
    - - "*"
      - MultiplicationOperator
    - - " "
      - Whitespace
    - - fxWeight
      - Identifier
    - - "\r\n"
      - Newline
    - - "        "
      - Whitespace
    - - b
      - Identifier
    - - " "
      - Whitespace
    - - "="
      - EqualityOperator
    - - " "
      - Whitespace
    - - Abs
      - Identifier
    - - (
      - LeftParenthesis
    - - b
      - Identifier
    - - " "
      - Whitespace
    - - "-"
      - SubtractionOperator
    - - " "
      - Whitespace
    - - l
      - Identifier
    - - )
      - RightParenthesis
    - - " "
      - Whitespace
    - - "*"
      - MultiplicationOperator
    - - " "
      - Whitespace
    - - fxWeight
      - Identifier
    - - "\r\n"
      - Newline
    - - "        "
      - Whitespace
    - - If
      - IfKeyword
    - - " "
      - Whitespace
    - - (
      - LeftParenthesis
    - - r
      - Identifier
    - - " "
      - Whitespace
    - - ">"
      - GreaterThanOperator
    - - " "
      - Whitespace
    - - "255"
      - IntegerLiteral
    - - )
      - RightParenthesis
    - - " "
      - Whitespace
    - - Then
      - ThenKeyword
    - - " "
      - Whitespace
    - - r
      - Identifier
    - - " "
      - Whitespace
    - - "="
      - EqualityOperator
    - - " "
      - Whitespace
    - - "255"
      - IntegerLiteral
    - - "\r\n"
      - Newline
    - - "        "
      - Whitespace
    - - If
      - IfKeyword
    - - " "
      - Whitespace
    - - (
      - LeftParenthesis
    - - g
      - Identifier
    - - " "
      - Whitespace
    - - ">"
      - GreaterThanOperator
    - - " "
      - Whitespace
    - - "255"
      - IntegerLiteral
    - - )
      - RightParenthesis
    - - " "
      - Whitespace
    - - Then
      - ThenKeyword
    - - " "
      - Whitespace
    - - g
      - Identifier
    - - " "
      - Whitespace
    - - "="
      - EqualityOperator
    - - " "
      - Whitespace
    - - "255"
      - IntegerLiteral
    - - "\r\n"
      - Newline
    - - "        "
      - Whitespace
    - - If
      - IfKeyword
    - - " "
      - Whitespace
    - - (
      - LeftParenthesis
    - - b
      - Identifier
    - - " "
      - Whitespace
    - - ">"
      - GreaterThanOperator
    - - " "
      - Whitespace
    - - "255"
      - IntegerLiteral
    - - )
      - RightParenthesis
    - - " "
      - Whitespace
    - - Then
      - ThenKeyword
    - - " "
      - Whitespace
    - - b
      - Identifier
    - - " "
      - Whitespace
    - - "="
      - EqualityOperator
    - - " "
      - Whitespace
    - - "255"
      - IntegerLiteral
    - - "\r\n"
      - Newline
    - - "        "
      - Whitespace
    - - "\r\n"
      - Newline
    - - "        "
      - Whitespace
    - - "'Assign the new pixel values"
      - EndOfLineComment
    - - "\r\n"
      - Newline
    - - "        "
      - Whitespace
    - - imgPixels
      - Identifier
    - - (
      - LeftParenthesis
    - - xStride
      - Identifier
    - - ","
      - Comma
    - - " "
      - Whitespace
    - - y
      - Identifier
    - - )
      - RightParenthesis
    - - " "
      - Whitespace
    - - "="
      - EqualityOperator
    - - " "
      - Whitespace
    - - b
      - Identifier
    - - "\r\n"
      - Newline
    - - "        "
      - Whitespace
    - - imgPixels
      - Identifier
    - - (
      - LeftParenthesis
    - - xStride
      - Identifier
    - - " "
      - Whitespace
    - - +
      - AdditionOperator
    - - " "
      - Whitespace
    - - "1"
      - IntegerLiteral
    - - ","
      - Comma
    - - " "
      - Whitespace
    - - y
      - Identifier
    - - )
      - RightParenthesis
    - - " "
      - Whitespace
    - - "="
      - EqualityOperator
    - - " "
      - Whitespace
    - - g
      - Identifier
    - - "\r\n"
      - Newline
    - - "        "
      - Whitespace
    - - imgPixels
      - Identifier
    - - (
      - LeftParenthesis
    - - xStride
      - Identifier
    - - " "
      - Whitespace
    - - +
      - AdditionOperator
    - - " "
      - Whitespace
    - - "2"
      - IntegerLiteral
    - - ","
      - Comma
    - - " "
      - Whitespace
    - - y
      - Identifier
    - - )
      - RightParenthesis
    - - " "
      - Whitespace
    - - "="
      - EqualityOperator
    - - " "
      - Whitespace
    - - r
      - Identifier
    - - "\r\n"
      - Newline
    - - "        "
      - Whitespace
    - - "\r\n"
      - Newline
    - - "    "
      - Whitespace
    - - Next
      - NextKeyword
    - - " "
      - Whitespace
    - - x
      - Identifier
    - - "\r\n"
      - Newline
    - - "    "
      - Whitespace
    - - Next
      - NextKeyword
    - - " "
      - Whitespace
    - - y
      - Identifier
    - - "\r\n"
      - Newline
    - - "    "
      - Whitespace
    - - "\r\n"
      - Newline
    - - "    "
      - Whitespace
    - - "'Draw the new image data to the screen"
      - EndOfLineComment
    - - "\r\n"
      - Newline
    - - "    "
      - Whitespace
    - - fDraw
      - Identifier
    - - "."
      - PeriodOperator
    - - SetImageData2D
      - Identifier
    - - " "
      - Whitespace
    - - dstPic
      - Identifier
    - - ","
      - Comma
    - - " "
      - Whitespace
    - - imgWidth
      - Identifier
    - - ","
      - Comma
    - - " "
      - Whitespace
    - - imgHeight
      - Identifier
    - - ","
      - Comma
    - - " "
      - Whitespace
    - - imgPixels
      - Identifier
    - - (
      - LeftParenthesis
    - - )
      - RightParenthesis
    - - "\r\n"
      - Newline
    - - "    "
      - Whitespace
    - - "\r\n"
      - Newline
    - - End
      - EndKeyword
    - - " "
      - Whitespace
    - - Sub
      - SubKeyword
    - - "\r\n"
      - Newline
  offset: 0
