---
source: tests/module.rs
expression: module_file
---
name:
  - 68
  - 101
  - 99
  - 108
  - 97
  - 114
  - 97
  - 116
  - 105
  - 111
  - 110
  - 115
tokens:
  source_file: "./tests/data/vb6-code/Artificial-life/Declarations.bas"
  tokens:
    - - "\r\n"
      - Newline
    - - "'API calls"
      - Comment
    - - "\r\n"
      - Newline
    - - "'Standard image blitting; faster than VB's internal PaintPicture method"
      - Comment
    - - "\r\n"
      - Newline
    - - Public
      - PublicKeyword
    - - " "
      - Whitespace
    - - Declare
      - DeclareKeyword
    - - " "
      - Whitespace
    - - Function
      - FunctionKeyword
    - - " "
      - Whitespace
    - - BitBlt
      - Identifier
    - - " "
      - Whitespace
    - - Lib
      - LibKeyword
    - - " "
      - Whitespace
    - - "\"gdi32\""
      - StringLiteral
    - - " "
      - Whitespace
    - - (
      - LeftParentheses
    - - ByVal
      - ByValKeyword
    - - " "
      - Whitespace
    - - hDstDC
      - Identifier
    - - " "
      - Whitespace
    - - As
      - AsKeyword
    - - " "
      - Whitespace
    - - Long
      - LongKeyword
    - - ","
      - Comma
    - - " "
      - Whitespace
    - - ByVal
      - ByValKeyword
    - - " "
      - Whitespace
    - - x
      - Identifier
    - - " "
      - Whitespace
    - - As
      - AsKeyword
    - - " "
      - Whitespace
    - - Long
      - LongKeyword
    - - ","
      - Comma
    - - " "
      - Whitespace
    - - ByVal
      - ByValKeyword
    - - " "
      - Whitespace
    - - y
      - Identifier
    - - " "
      - Whitespace
    - - As
      - AsKeyword
    - - " "
      - Whitespace
    - - Long
      - LongKeyword
    - - ","
      - Comma
    - - " "
      - Whitespace
    - - ByVal
      - ByValKeyword
    - - " "
      - Whitespace
    - - nWidth
      - Identifier
    - - " "
      - Whitespace
    - - As
      - AsKeyword
    - - " "
      - Whitespace
    - - Long
      - LongKeyword
    - - ","
      - Comma
    - - " "
      - Whitespace
    - - ByVal
      - ByValKeyword
    - - " "
      - Whitespace
    - - nHeight
      - Identifier
    - - " "
      - Whitespace
    - - As
      - AsKeyword
    - - " "
      - Whitespace
    - - Long
      - LongKeyword
    - - ","
      - Comma
    - - " "
      - Whitespace
    - - ByVal
      - ByValKeyword
    - - " "
      - Whitespace
    - - hSrcDC
      - Identifier
    - - " "
      - Whitespace
    - - As
      - AsKeyword
    - - " "
      - Whitespace
    - - Long
      - LongKeyword
    - - ","
      - Comma
    - - " "
      - Whitespace
    - - ByVal
      - ByValKeyword
    - - " "
      - Whitespace
    - - xSrc
      - Identifier
    - - " "
      - Whitespace
    - - As
      - AsKeyword
    - - " "
      - Whitespace
    - - Long
      - LongKeyword
    - - ","
      - Comma
    - - " "
      - Whitespace
    - - ByVal
      - ByValKeyword
    - - " "
      - Whitespace
    - - ySrc
      - Identifier
    - - " "
      - Whitespace
    - - As
      - AsKeyword
    - - " "
      - Whitespace
    - - Long
      - LongKeyword
    - - ","
      - Comma
    - - " "
      - Whitespace
    - - ByVal
      - ByValKeyword
    - - " "
      - Whitespace
    - - dwRop
      - Identifier
    - - " "
      - Whitespace
    - - As
      - AsKeyword
    - - " "
      - Whitespace
    - - Long
      - LongKeyword
    - - )
      - RightParentheses
    - - " "
      - Whitespace
    - - As
      - AsKeyword
    - - " "
      - Whitespace
    - - Long
      - LongKeyword
    - - "\r\n"
      - Newline
    - - "'Standard pixel setting; much faster than VB's internal PSet and Point methods"
      - Comment
    - - "\r\n"
      - Newline
    - - Public
      - PublicKeyword
    - - " "
      - Whitespace
    - - Declare
      - DeclareKeyword
    - - " "
      - Whitespace
    - - Function
      - FunctionKeyword
    - - " "
      - Whitespace
    - - GetPixel
      - Identifier
    - - " "
      - Whitespace
    - - Lib
      - LibKeyword
    - - " "
      - Whitespace
    - - "\"gdi32\""
      - StringLiteral
    - - " "
      - Whitespace
    - - (
      - LeftParentheses
    - - ByVal
      - ByValKeyword
    - - " "
      - Whitespace
    - - hDC
      - Identifier
    - - " "
      - Whitespace
    - - As
      - AsKeyword
    - - " "
      - Whitespace
    - - Long
      - LongKeyword
    - - ","
      - Comma
    - - " "
      - Whitespace
    - - ByVal
      - ByValKeyword
    - - " "
      - Whitespace
    - - x
      - Identifier
    - - " "
      - Whitespace
    - - As
      - AsKeyword
    - - " "
      - Whitespace
    - - Long
      - LongKeyword
    - - ","
      - Comma
    - - " "
      - Whitespace
    - - ByVal
      - ByValKeyword
    - - " "
      - Whitespace
    - - y
      - Identifier
    - - " "
      - Whitespace
    - - As
      - AsKeyword
    - - " "
      - Whitespace
    - - Long
      - LongKeyword
    - - )
      - RightParentheses
    - - " "
      - Whitespace
    - - As
      - AsKeyword
    - - " "
      - Whitespace
    - - Long
      - LongKeyword
    - - "\r\n"
      - Newline
    - - Public
      - PublicKeyword
    - - " "
      - Whitespace
    - - Declare
      - DeclareKeyword
    - - " "
      - Whitespace
    - - Function
      - FunctionKeyword
    - - " "
      - Whitespace
    - - SetPixelV
      - Identifier
    - - " "
      - Whitespace
    - - Lib
      - LibKeyword
    - - " "
      - Whitespace
    - - "\"gdi32\""
      - StringLiteral
    - - " "
      - Whitespace
    - - (
      - LeftParentheses
    - - ByVal
      - ByValKeyword
    - - " "
      - Whitespace
    - - hDC
      - Identifier
    - - " "
      - Whitespace
    - - As
      - AsKeyword
    - - " "
      - Whitespace
    - - Long
      - LongKeyword
    - - ","
      - Comma
    - - " "
      - Whitespace
    - - ByVal
      - ByValKeyword
    - - " "
      - Whitespace
    - - x
      - Identifier
    - - " "
      - Whitespace
    - - As
      - AsKeyword
    - - " "
      - Whitespace
    - - Long
      - LongKeyword
    - - ","
      - Comma
    - - " "
      - Whitespace
    - - ByVal
      - ByValKeyword
    - - " "
      - Whitespace
    - - y
      - Identifier
    - - " "
      - Whitespace
    - - As
      - AsKeyword
    - - " "
      - Whitespace
    - - Long
      - LongKeyword
    - - ","
      - Comma
    - - " "
      - Whitespace
    - - ByVal
      - ByValKeyword
    - - " "
      - Whitespace
    - - crColor
      - Identifier
    - - " "
      - Whitespace
    - - As
      - AsKeyword
    - - " "
      - Whitespace
    - - Long
      - LongKeyword
    - - )
      - RightParentheses
    - - " "
      - Whitespace
    - - As
      - AsKeyword
    - - " "
      - Whitespace
    - - Byte
      - ByteKeyword
    - - "\r\n"
      - Newline
    - - "\r\n"
      - Newline
    - - "\r\n"
      - Newline
    - - "'Size of the map; these dimensions can theoretically be changed, but you'll need"
      - Comment
    - - "\r\n"
      - Newline
    - - "' to manually resize the various picture boxes to match"
      - Comment
    - - "\r\n"
      - Newline
    - - Public
      - PublicKeyword
    - - " "
      - Whitespace
    - - Const
      - ConstKeyword
    - - " "
      - Whitespace
    - - WORLDWIDTH
      - Identifier
    - - " "
      - Whitespace
    - - As
      - AsKeyword
    - - " "
      - Whitespace
    - - Long
      - LongKeyword
    - - " "
      - Whitespace
    - - "="
      - EqualityOperator
    - - " "
      - Whitespace
    - - "499"
      - Number
    - - "\r\n"
      - Newline
    - - Public
      - PublicKeyword
    - - " "
      - Whitespace
    - - Const
      - ConstKeyword
    - - " "
      - Whitespace
    - - WORLDHEIGHT
      - Identifier
    - - " "
      - Whitespace
    - - As
      - AsKeyword
    - - " "
      - Whitespace
    - - Long
      - LongKeyword
    - - " "
      - Whitespace
    - - "="
      - EqualityOperator
    - - " "
      - Whitespace
    - - "499"
      - Number
    - - "\r\n"
      - Newline
    - - "\r\n"
      - Newline
    - - "'Amount of food to generate every round"
      - Comment
    - - "\r\n"
      - Newline
    - - Public
      - PublicKeyword
    - - " "
      - Whitespace
    - - foodGen
      - Identifier
    - - " "
      - Whitespace
    - - As
      - AsKeyword
    - - " "
      - Whitespace
    - - Long
      - LongKeyword
    - - "\r\n"
      - Newline
    - - "'How much energy the food grants"
      - Comment
    - - "\r\n"
      - Newline
    - - Public
      - PublicKeyword
    - - " "
      - Whitespace
    - - foodWorth
      - Identifier
    - - " "
      - Whitespace
    - - As
      - AsKeyword
    - - " "
      - Whitespace
    - - Long
      - LongKeyword
    - - "\r\n"
      - Newline
    - - "'Default starting energy for each creature"
      - Comment
    - - "\r\n"
      - Newline
    - - Public
      - PublicKeyword
    - - " "
      - Whitespace
    - - startEnergy
      - Identifier
    - - " "
      - Whitespace
    - - As
      - AsKeyword
    - - " "
      - Whitespace
    - - Long
      - LongKeyword
    - - "\r\n"
      - Newline
    - - "'Regenerate food every (foodRegen) number of turns"
      - Comment
    - - "\r\n"
      - Newline
    - - Public
      - PublicKeyword
    - - " "
      - Whitespace
    - - foodRegen
      - Identifier
    - - " "
      - Whitespace
    - - As
      - AsKeyword
    - - " "
      - Whitespace
    - - Long
      - LongKeyword
    - - "\r\n"
      - Newline
    - - "\r\n"
      - Newline
    - - "'Mutation values"
      - Comment
    - - "\r\n"
      - Newline
    - - "'Whether or not to allow reproduction (a.k.a. the \"celibacy\" variable)"
      - Comment
    - - "\r\n"
      - Newline
    - - Public
      - PublicKeyword
    - - " "
      - Whitespace
    - - toMultiply
      - Identifier
    - - " "
      - Whitespace
    - - As
      - AsKeyword
    - - " "
      - Whitespace
    - - Boolean
      - BooleanKeyword
    - - "\r\n"
      - Newline
    - - "'How many turns must pass before creatures are allowed to reproduce"
      - Comment
    - - "\r\n"
      - Newline
    - - Public
      - PublicKeyword
    - - " "
      - Whitespace
    - - mutateTurns
      - Identifier
    - - " "
      - Whitespace
    - - As
      - AsKeyword
    - - " "
      - Whitespace
    - - Long
      - LongKeyword
    - - "\r\n"
      - Newline
    - - "'How many potential mutations to cause at reproduction time"
      - Comment
    - - "\r\n"
      - Newline
    - - Public
      - PublicKeyword
    - - " "
      - Whitespace
    - - numOfMutations
      - Identifier
    - - " "
      - Whitespace
    - - As
      - AsKeyword
    - - " "
      - Whitespace
    - - Long
      - LongKeyword
    - - "\r\n"
      - Newline
    - - "\r\n"
      - Newline
    - - "'Amount of creatures to start with"
      - Comment
    - - "\r\n"
      - Newline
    - - Public
      - PublicKeyword
    - - " "
      - Whitespace
    - - InitialCreatures
      - Identifier
    - - " "
      - Whitespace
    - - As
      - AsKeyword
    - - " "
      - Whitespace
    - - Long
      - LongKeyword
    - - "\r\n"
      - Newline
    - - "\r\n"
      - Newline
    - - "'The food array"
      - Comment
    - - "\r\n"
      - Newline
    - - Public
      - PublicKeyword
    - - " "
      - Whitespace
    - - Food
      - Identifier
    - - (
      - LeftParentheses
    - - )
      - RightParentheses
    - - " "
      - Whitespace
    - - As
      - AsKeyword
    - - " "
      - Whitespace
    - - Long
      - LongKeyword
    - - "\r\n"
      - Newline
    - - "\r\n"
      - Newline
    - - "'Whether or not to draw deceased creatures"
      - Comment
    - - "\r\n"
      - Newline
    - - Public
      - PublicKeyword
    - - " "
      - Whitespace
    - - drawDeadCreatures
      - Identifier
    - - " "
      - Whitespace
    - - As
      - AsKeyword
    - - " "
      - Whitespace
    - - Boolean
      - BooleanKeyword
    - - "\r\n"
      - Newline
    - - "\r\n"
      - Newline
    - - "'Loop variables"
      - Comment
    - - "\r\n"
      - Newline
    - - Public
      - PublicKeyword
    - - " "
      - Whitespace
    - - i
      - Identifier
    - - " "
      - Whitespace
    - - As
      - AsKeyword
    - - " "
      - Whitespace
    - - Long
      - LongKeyword
    - - ","
      - Comma
    - - " "
      - Whitespace
    - - j
      - Identifier
    - - " "
      - Whitespace
    - - As
      - AsKeyword
    - - " "
      - Whitespace
    - - Long
      - LongKeyword
    - - "\r\n"
      - Newline
    - - Public
      - PublicKeyword
    - - " "
      - Whitespace
    - - x
      - Identifier
    - - " "
      - Whitespace
    - - As
      - AsKeyword
    - - " "
      - Whitespace
    - - Long
      - LongKeyword
    - - ","
      - Comma
    - - " "
      - Whitespace
    - - y
      - Identifier
    - - " "
      - Whitespace
    - - As
      - AsKeyword
    - - " "
      - Whitespace
    - - Long
      - LongKeyword
    - - "\r\n"
      - Newline
    - - ""
      - EOF
  offset: 0
