---
source: vb6parse/tests/form/endless_runner_game_vb6_0.rs
expression: form_file
---
form:
  Form:
    name: Form3
    tag: ""
    index: 0
    properties:
      appearance: ThreeD
      auto_redraw: Manual
      back_color:
        System:
          index: 15
      border_style: Sizable
      caption: Form3
      client_height: 3015
      client_left: 120
      client_top: 465
      client_width: 4560
      clip_controls: Clipped
      control_box: Included
      draw_mode: CopyPen
      draw_style: Solid
      draw_width: 1
      enabled: Enabled
      fill_color:
        System:
          index: 0
      fill_style: Transparent
      font:
        name: MS Sans Serif
        size: 8
        charset: 0
        weight: 400
        underline: false
        italic: false
        strikethrough: false
      font_transparent: Transparent
      fore_color:
        System:
          index: 18
      has_dc: HasContext
      height: 240
      help_context_id: 0
      icon: ~
      key_preview: false
      left: 0
      link_mode: None
      link_topic: Form3
      max_button: Included
      mdi_child: false
      min_button: Included
      mouse_icon: ~
      mouse_pointer: Default
      moveable: Moveable
      negotiate_menus: true
      ole_drop_mode: None
      palette: ~
      palette_mode: HalfTone
      picture: ~
      right_to_left: LeftToRight
      scale_height: 15615
      scale_left: 0
      scale_mode: Twip
      scale_top: 0
      scale_width: 28560
      show_in_taskbar: Show
      start_up_position: WindowsDefault
      top: 0
      visible: Visible
      whats_this_button: Excluded
      whats_this_help: F1Help
      width: 240
      window_state: Normal
    controls:
      - name: Command1
        tag: ""
        index: 0
        kind:
          CommandButton:
            properties:
              appearance: ThreeD
              back_color:
                RGB:
                  red: 255
                  green: 0
                  blue: 0
              cancel: false
              caption: NEXT
              causes_validation: "Yes"
              default: false
              disabled_picture: ~
              down_picture: ~
              drag_icon: ~
              drag_mode: Manual
              enabled: Enabled
              height: 735
              help_context_id: 0
              left: 17760
              mask_color:
                RGB:
                  red: 192
                  green: 192
                  blue: 192
              mouse_icon: ~
              mouse_pointer: Default
              ole_drop_mode: None
              picture: ~
              right_to_left: LeftToRight
              style: Standard
              tab_index: 0
              tab_stop: Included
              tool_tip_text: ""
              top: 13560
              use_mask_color: DoNotUseMaskColor
              whats_this_help_id: 0
              width: 2295
      - name: Command2
        tag: ""
        index: 0
        kind:
          CommandButton:
            properties:
              appearance: ThreeD
              back_color:
                RGB:
                  red: 255
                  green: 0
                  blue: 0
              cancel: false
              caption: NEXT
              causes_validation: "Yes"
              default: false
              disabled_picture: ~
              down_picture: ~
              drag_icon: ~
              drag_mode: Manual
              enabled: Enabled
              height: 735
              help_context_id: 0
              left: 17760
              mask_color:
                RGB:
                  red: 192
                  green: 192
                  blue: 192
              mouse_icon: ~
              mouse_pointer: Default
              ole_drop_mode: None
              picture: ~
              right_to_left: LeftToRight
              style: Standard
              tab_index: 1
              tab_stop: Included
              tool_tip_text: ""
              top: 13560
              use_mask_color: DoNotUseMaskColor
              whats_this_help_id: 0
              width: 2295
      - name: Command3
        tag: ""
        index: 0
        kind:
          CommandButton:
            properties:
              appearance: ThreeD
              back_color:
                RGB:
                  red: 255
                  green: 0
                  blue: 0
              cancel: false
              caption: NEXT
              causes_validation: "Yes"
              default: false
              disabled_picture: ~
              down_picture: ~
              drag_icon: ~
              drag_mode: Manual
              enabled: Enabled
              height: 735
              help_context_id: 0
              left: 17760
              mask_color:
                RGB:
                  red: 192
                  green: 192
                  blue: 192
              mouse_icon: ~
              mouse_pointer: Default
              ole_drop_mode: None
              picture: ~
              right_to_left: LeftToRight
              style: Standard
              tab_index: 2
              tab_stop: Included
              tool_tip_text: ""
              top: 13560
              use_mask_color: DoNotUseMaskColor
              whats_this_help_id: 0
              width: 2295
      - name: Command4
        tag: ""
        index: 0
        kind:
          CommandButton:
            properties:
              appearance: ThreeD
              back_color:
                RGB:
                  red: 255
                  green: 0
                  blue: 0
              cancel: false
              caption: NEXT
              causes_validation: "Yes"
              default: false
              disabled_picture: ~
              down_picture: ~
              drag_icon: ~
              drag_mode: Manual
              enabled: Enabled
              height: 735
              help_context_id: 0
              left: 17760
              mask_color:
                RGB:
                  red: 192
                  green: 192
                  blue: 192
              mouse_icon: ~
              mouse_pointer: Default
              ole_drop_mode: None
              picture: ~
              right_to_left: LeftToRight
              style: Standard
              tab_index: 3
              tab_stop: Included
              tool_tip_text: ""
              top: 13560
              use_mask_color: DoNotUseMaskColor
              whats_this_help_id: 0
              width: 2295
      - name: Command5
        tag: ""
        index: 0
        kind:
          CommandButton:
            properties:
              appearance: ThreeD
              back_color:
                RGB:
                  red: 255
                  green: 0
                  blue: 0
              cancel: false
              caption: NEXT
              causes_validation: "Yes"
              default: false
              disabled_picture: ~
              down_picture: ~
              drag_icon: ~
              drag_mode: Manual
              enabled: Enabled
              height: 735
              help_context_id: 0
              left: 17760
              mask_color:
                RGB:
                  red: 192
                  green: 192
                  blue: 192
              mouse_icon: ~
              mouse_pointer: Default
              ole_drop_mode: None
              picture: ~
              right_to_left: LeftToRight
              style: Standard
              tab_index: 4
              tab_stop: Included
              tool_tip_text: ""
              top: 13560
              use_mask_color: DoNotUseMaskColor
              whats_this_help_id: 0
              width: 2295
      - name: Image1
        tag: ""
        index: 0
        kind:
          Image:
            properties:
              appearance: ThreeD
              border_style: None
              data_field: ""
              data_format: ""
              data_member: ""
              data_source: ""
              drag_icon: ~
              drag_mode: Manual
              enabled: Enabled
              height: 10875
              left: 2520
              mouse_icon: ~
              mouse_pointer: Default
              ole_drag_mode: Manual
              ole_drop_mode: None
              picture: ~
              stretch: false
              tool_tip_text: ""
              top: 1440
              visible: Visible
              whats_this_help_id: 0
              width: 17520
    menus: []
objects: []
version:
  major: 5
  minor: 0
attributes:
  name: Form3
  global_name_space: Local
  creatable: "False"
  predeclared_id: "True"
  exposed: "False"
  description: ~
  ext_key: {}
cst:
  root:
    kind: Root
    children:
      - kind: SubStatement
        children:
          - kind: PrivateKeyword
            text: Private
          - kind: Whitespace
            text: " "
          - kind: SubKeyword
            text: Sub
          - kind: Whitespace
            text: " "
          - kind: Identifier
            text: Command1_Click
          - kind: ParameterList
            children:
              - kind: LeftParenthesis
                text: (
              - kind: RightParenthesis
                text: )
          - kind: Newline
            text: "\r\n"
          - kind: StatementList
            children:
              - kind: AssignmentStatement
                children:
                  - kind: MemberAccessExpression
                    children:
                      - kind: Identifier
                        text: Image1
                      - kind: PeriodOperator
                        text: "."
                      - kind: Identifier
                        text: Picture
                  - kind: Whitespace
                    text: " "
                  - kind: EqualityOperator
                    text: "="
                  - kind: Whitespace
                    text: " "
                  - kind: CallExpression
                    children:
                      - kind: Identifier
                        text: LoadPicture
                      - kind: LeftParenthesis
                        text: (
                      - kind: ArgumentList
                        children:
                          - kind: Argument
                            children:
                              - kind: StringLiteralExpression
                                children:
                                  - kind: StringLiteral
                                    text: "\"characters\\sc2.gif\""
                      - kind: RightParenthesis
                        text: )
                  - kind: Newline
                    text: "\r\n"
              - kind: AssignmentStatement
                children:
                  - kind: MemberAccessExpression
                    children:
                      - kind: Identifier
                        text: Command1
                      - kind: PeriodOperator
                        text: "."
                      - kind: Identifier
                        text: Visible
                  - kind: Whitespace
                    text: " "
                  - kind: EqualityOperator
                    text: "="
                  - kind: Whitespace
                    text: " "
                  - kind: BooleanLiteralExpression
                    children:
                      - kind: FalseKeyword
                        text: "False"
                  - kind: Newline
                    text: "\r\n"
          - kind: EndKeyword
            text: End
          - kind: Whitespace
            text: " "
          - kind: SubKeyword
            text: Sub
          - kind: Newline
            text: "\r\n"
      - kind: Newline
        text: "\r\n"
      - kind: SubStatement
        children:
          - kind: PrivateKeyword
            text: Private
          - kind: Whitespace
            text: " "
          - kind: SubKeyword
            text: Sub
          - kind: Whitespace
            text: " "
          - kind: Identifier
            text: Command2_Click
          - kind: ParameterList
            children:
              - kind: LeftParenthesis
                text: (
              - kind: RightParenthesis
                text: )
          - kind: Newline
            text: "\r\n"
          - kind: StatementList
            children:
              - kind: AssignmentStatement
                children:
                  - kind: MemberAccessExpression
                    children:
                      - kind: Identifier
                        text: Image1
                      - kind: PeriodOperator
                        text: "."
                      - kind: Identifier
                        text: Picture
                  - kind: Whitespace
                    text: " "
                  - kind: EqualityOperator
                    text: "="
                  - kind: Whitespace
                    text: " "
                  - kind: CallExpression
                    children:
                      - kind: Identifier
                        text: LoadPicture
                      - kind: LeftParenthesis
                        text: (
                      - kind: ArgumentList
                        children:
                          - kind: Argument
                            children:
                              - kind: StringLiteralExpression
                                children:
                                  - kind: StringLiteral
                                    text: "\"characters\\sc3.gif\""
                      - kind: RightParenthesis
                        text: )
                  - kind: Newline
                    text: "\r\n"
              - kind: AssignmentStatement
                children:
                  - kind: MemberAccessExpression
                    children:
                      - kind: Identifier
                        text: Command2
                      - kind: PeriodOperator
                        text: "."
                      - kind: Identifier
                        text: Visible
                  - kind: Whitespace
                    text: " "
                  - kind: EqualityOperator
                    text: "="
                  - kind: Whitespace
                    text: " "
                  - kind: BooleanLiteralExpression
                    children:
                      - kind: FalseKeyword
                        text: "False"
                  - kind: Newline
                    text: "\r\n"
          - kind: EndKeyword
            text: End
          - kind: Whitespace
            text: " "
          - kind: SubKeyword
            text: Sub
          - kind: Newline
            text: "\r\n"
      - kind: Newline
        text: "\r\n"
      - kind: SubStatement
        children:
          - kind: PrivateKeyword
            text: Private
          - kind: Whitespace
            text: " "
          - kind: SubKeyword
            text: Sub
          - kind: Whitespace
            text: " "
          - kind: Identifier
            text: Command3_Click
          - kind: ParameterList
            children:
              - kind: LeftParenthesis
                text: (
              - kind: RightParenthesis
                text: )
          - kind: Newline
            text: "\r\n"
          - kind: StatementList
            children:
              - kind: AssignmentStatement
                children:
                  - kind: MemberAccessExpression
                    children:
                      - kind: Identifier
                        text: Image1
                      - kind: PeriodOperator
                        text: "."
                      - kind: Identifier
                        text: Picture
                  - kind: Whitespace
                    text: " "
                  - kind: EqualityOperator
                    text: "="
                  - kind: Whitespace
                    text: " "
                  - kind: CallExpression
                    children:
                      - kind: Identifier
                        text: LoadPicture
                      - kind: LeftParenthesis
                        text: (
                      - kind: ArgumentList
                        children:
                          - kind: Argument
                            children:
                              - kind: StringLiteralExpression
                                children:
                                  - kind: StringLiteral
                                    text: "\"characters\\sc4.gif\""
                      - kind: RightParenthesis
                        text: )
                  - kind: Newline
                    text: "\r\n"
              - kind: AssignmentStatement
                children:
                  - kind: MemberAccessExpression
                    children:
                      - kind: Identifier
                        text: Command3
                      - kind: PeriodOperator
                        text: "."
                      - kind: Identifier
                        text: Visible
                  - kind: Whitespace
                    text: " "
                  - kind: EqualityOperator
                    text: "="
                  - kind: Whitespace
                    text: " "
                  - kind: BooleanLiteralExpression
                    children:
                      - kind: FalseKeyword
                        text: "False"
                  - kind: Newline
                    text: "\r\n"
          - kind: EndKeyword
            text: End
          - kind: Whitespace
            text: " "
          - kind: SubKeyword
            text: Sub
          - kind: Newline
            text: "\r\n"
      - kind: Newline
        text: "\r\n"
      - kind: SubStatement
        children:
          - kind: PrivateKeyword
            text: Private
          - kind: Whitespace
            text: " "
          - kind: SubKeyword
            text: Sub
          - kind: Whitespace
            text: " "
          - kind: Identifier
            text: Command4_Click
          - kind: ParameterList
            children:
              - kind: LeftParenthesis
                text: (
              - kind: RightParenthesis
                text: )
          - kind: Newline
            text: "\r\n"
          - kind: StatementList
            children:
              - kind: AssignmentStatement
                children:
                  - kind: MemberAccessExpression
                    children:
                      - kind: Identifier
                        text: Image1
                      - kind: PeriodOperator
                        text: "."
                      - kind: Identifier
                        text: Picture
                  - kind: Whitespace
                    text: " "
                  - kind: EqualityOperator
                    text: "="
                  - kind: Whitespace
                    text: " "
                  - kind: CallExpression
                    children:
                      - kind: Identifier
                        text: LoadPicture
                      - kind: LeftParenthesis
                        text: (
                      - kind: ArgumentList
                        children:
                          - kind: Argument
                            children:
                              - kind: StringLiteralExpression
                                children:
                                  - kind: StringLiteral
                                    text: "\"characters\\sc5.gif\""
                      - kind: RightParenthesis
                        text: )
                  - kind: Newline
                    text: "\r\n"
              - kind: AssignmentStatement
                children:
                  - kind: MemberAccessExpression
                    children:
                      - kind: Identifier
                        text: Command4
                      - kind: PeriodOperator
                        text: "."
                      - kind: Identifier
                        text: Visible
                  - kind: Whitespace
                    text: " "
                  - kind: EqualityOperator
                    text: "="
                  - kind: Whitespace
                    text: " "
                  - kind: BooleanLiteralExpression
                    children:
                      - kind: FalseKeyword
                        text: "False"
                  - kind: Newline
                    text: "\r\n"
          - kind: EndKeyword
            text: End
          - kind: Whitespace
            text: " "
          - kind: SubKeyword
            text: Sub
          - kind: Newline
            text: "\r\n"
      - kind: Newline
        text: "\r\n"
      - kind: SubStatement
        children:
          - kind: PrivateKeyword
            text: Private
          - kind: Whitespace
            text: " "
          - kind: SubKeyword
            text: Sub
          - kind: Whitespace
            text: " "
          - kind: Identifier
            text: Command5_Click
          - kind: ParameterList
            children:
              - kind: LeftParenthesis
                text: (
              - kind: RightParenthesis
                text: )
          - kind: Newline
            text: "\r\n"
          - kind: StatementList
            children:
              - kind: AssignmentStatement
                children:
                  - kind: MemberAccessExpression
                    children:
                      - kind: Identifier
                        text: Image1
                      - kind: PeriodOperator
                        text: "."
                      - kind: Identifier
                        text: Picture
                  - kind: Whitespace
                    text: " "
                  - kind: EqualityOperator
                    text: "="
                  - kind: Whitespace
                    text: " "
                  - kind: CallExpression
                    children:
                      - kind: Identifier
                        text: LoadPicture
                      - kind: LeftParenthesis
                        text: (
                      - kind: ArgumentList
                        children:
                          - kind: Argument
                            children:
                              - kind: StringLiteralExpression
                                children:
                                  - kind: StringLiteral
                                    text: "\"characters\\sc6.gif\""
                      - kind: RightParenthesis
                        text: )
                  - kind: Newline
                    text: "\r\n"
              - kind: CallStatement
                children:
                  - kind: Identifier
                    text: Form2
                  - kind: PeriodOperator
                    text: "."
                  - kind: Identifier
                    text: Show
                  - kind: Newline
                    text: "\r\n"
              - kind: UnloadStatement
                children:
                  - kind: UnloadKeyword
                    text: Unload
                  - kind: Whitespace
                    text: " "
                  - kind: MeKeyword
                    text: Me
                  - kind: Newline
                    text: "\r\n"
          - kind: EndKeyword
            text: End
          - kind: Whitespace
            text: " "
          - kind: SubKeyword
            text: Sub
          - kind: Newline
            text: "\r\n"
