---
source: vb6parse/tests/form/endless_runner_game_vb6_0.rs
expression: form_file
---
form:
  Form:
    name: Form7
    tag: ""
    index: 0
    properties:
      appearance: ThreeD
      auto_redraw: Manual
      back_color:
        System:
          index: 15
      border_style: Sizable
      caption: Form7
      client_height: 3015
      client_left: 120
      client_top: 465
      client_width: 4560
      clip_controls: Clipped
      control_box: Included
      draw_mode: CopyPen
      draw_style: Solid
      draw_width: 1
      enabled: Enabled
      fill_color:
        System:
          index: 0
      fill_style: Transparent
      font:
        name: MS Sans Serif
        size: 8
        charset: 0
        weight: 400
        underline: false
        italic: false
        strikethrough: false
      font_transparent: Transparent
      fore_color:
        System:
          index: 18
      has_dc: HasContext
      height: 240
      help_context_id: 0
      icon: ~
      key_preview: false
      left: 0
      link_mode: None
      link_topic: Form7
      max_button: Included
      mdi_child: false
      min_button: Included
      mouse_icon: ~
      mouse_pointer: Default
      moveable: Moveable
      negotiate_menus: true
      ole_drop_mode: None
      palette: ~
      palette_mode: HalfTone
      picture: ~
      right_to_left: LeftToRight
      scale_height: 15615
      scale_left: 0
      scale_mode: Twip
      scale_top: 0
      scale_width: 28560
      show_in_taskbar: Show
      start_up_position: WindowsDefault
      top: 0
      visible: Visible
      whats_this_button: Excluded
      whats_this_help: F1Help
      width: 240
      window_state: Normal
    controls:
      - name: Text2
        tag: ""
        index: 0
        kind:
          TextBox:
            properties:
              alignment: LeftJustify
              appearance: ThreeD
              back_color:
                RGB:
                  red: 192
                  green: 255
                  blue: 192
              border_style: FixedSingle
              causes_validation: "Yes"
              data_field: ""
              data_format: ""
              data_member: ""
              data_source: ""
              drag_icon: ~
              drag_mode: Manual
              enabled: Enabled
              fore_color:
                System:
                  index: 8
              height: 1215
              help_context_id: 0
              hide_selection: true
              left: 6000
              link_item: ""
              link_mode: None
              link_timeout: 50
              link_topic: ""
              locked: false
              max_length: 0
              mouse_icon: ~
              mouse_pointer: Default
              multi_line: SingleLine
              ole_drag_mode: Manual
              ole_drop_mode: None
              password_char: ~
              right_to_left: LeftToRight
              scroll_bars: None
              tab_index: 3
              tab_stop: Included
              text: ""
              tool_tip_text: ""
              top: 4800
              visible: Visible
              whats_this_help_id: 0
              width: 5295
      - name: add
        tag: ""
        index: 0
        kind:
          CommandButton:
            properties:
              appearance: ThreeD
              back_color:
                System:
                  index: 15
              cancel: false
              caption: done
              causes_validation: "Yes"
              default: false
              disabled_picture: ~
              down_picture: ~
              drag_icon: ~
              drag_mode: Manual
              enabled: Enabled
              height: 1335
              help_context_id: 0
              left: 4800
              mask_color:
                RGB:
                  red: 192
                  green: 192
                  blue: 192
              mouse_icon: ~
              mouse_pointer: Default
              ole_drop_mode: None
              picture: ~
              right_to_left: LeftToRight
              style: Standard
              tab_index: 2
              tab_stop: Included
              tool_tip_text: ""
              top: 6600
              use_mask_color: DoNotUseMaskColor
              whats_this_help_id: 0
              width: 3255
      - name: Timer1
        tag: ""
        index: 0
        kind:
          Timer:
            properties:
              enabled: Enabled
              interval: 100
              left: 7080
              top: 0
      - name: Text1
        tag: ""
        index: 0
        kind:
          TextBox:
            properties:
              alignment: LeftJustify
              appearance: ThreeD
              back_color:
                RGB:
                  red: 192
                  green: 255
                  blue: 192
              border_style: FixedSingle
              causes_validation: "Yes"
              data_field: ""
              data_format: ""
              data_member: ""
              data_source: ""
              drag_icon: ~
              drag_mode: Manual
              enabled: Enabled
              fore_color:
                System:
                  index: 8
              height: 1215
              help_context_id: 0
              hide_selection: true
              left: 6000
              link_item: ""
              link_mode: None
              link_timeout: 50
              link_topic: ""
              locked: false
              max_length: 0
              mouse_icon: ~
              mouse_pointer: Default
              multi_line: SingleLine
              ole_drag_mode: Manual
              ole_drop_mode: None
              password_char: ~
              right_to_left: LeftToRight
              scroll_bars: None
              tab_index: 0
              tab_stop: Included
              text: ""
              tool_tip_text: ""
              top: 3240
              visible: Visible
              whats_this_help_id: 0
              width: 5295
      - name: Label2
        tag: ""
        index: 0
        kind:
          Label:
            properties:
              alignment: LeftJustify
              appearance: ThreeD
              auto_size: Fixed
              back_color:
                RGB:
                  red: 255
                  green: 128
                  blue: 0
              back_style: Opaque
              border_style: None
              caption: Score
              data_field: ""
              data_format: ""
              data_member: ""
              data_source: ""
              drag_icon: ~
              drag_mode: Manual
              enabled: Enabled
              fore_color:
                System:
                  index: 18
              height: 1215
              left: 960
              link_item: ""
              link_mode: None
              link_timeout: 50
              link_topic: ""
              mouse_icon: ~
              mouse_pointer: Default
              ole_drop_mode: None
              right_to_left: LeftToRight
              tab_index: 4
              tool_tip_text: ""
              top: 4800
              use_mnemonic: true
              visible: Visible
              whats_this_help_id: 0
              width: 4695
              word_wrap: NonWrapping
      - name: label1
        tag: ""
        index: 0
        kind:
          Label:
            properties:
              alignment: LeftJustify
              appearance: ThreeD
              auto_size: Fixed
              back_color:
                RGB:
                  red: 255
                  green: 128
                  blue: 0
              back_style: Opaque
              border_style: None
              caption: Enter Your name
              data_field: ""
              data_format: ""
              data_member: ""
              data_source: ""
              drag_icon: ~
              drag_mode: Manual
              enabled: Enabled
              fore_color:
                System:
                  index: 18
              height: 1215
              left: 960
              link_item: ""
              link_mode: None
              link_timeout: 50
              link_topic: ""
              mouse_icon: ~
              mouse_pointer: Default
              ole_drop_mode: None
              right_to_left: LeftToRight
              tab_index: 1
              tool_tip_text: ""
              top: 3240
              use_mnemonic: true
              visible: Visible
              whats_this_help_id: 0
              width: 4695
              word_wrap: NonWrapping
    menus: []
objects: []
version:
  major: 5
  minor: 0
attributes:
  name: Form7
  global_name_space: Local
  creatable: "False"
  predeclared_id: "True"
  exposed: "False"
  description: ~
  ext_key: {}
cst:
  root:
    kind: Root
    children:
      - kind: DimStatement
        children:
          - kind: DimKeyword
            text: Dim
          - kind: Whitespace
            text: " "
          - kind: Identifier
            text: aConnection
          - kind: Whitespace
            text: " "
          - kind: AsKeyword
            text: As
          - kind: Whitespace
            text: " "
          - kind: NewKeyword
            text: New
          - kind: Whitespace
            text: " "
          - kind: Identifier
            text: ADODB
          - kind: PeriodOperator
            text: "."
          - kind: Identifier
            text: Connection
          - kind: Newline
            text: "\r\n"
      - kind: DimStatement
        children:
          - kind: DimKeyword
            text: Dim
          - kind: Whitespace
            text: " "
          - kind: Identifier
            text: aRecSet
          - kind: Whitespace
            text: " "
          - kind: AsKeyword
            text: As
          - kind: Whitespace
            text: " "
          - kind: NewKeyword
            text: New
          - kind: Whitespace
            text: " "
          - kind: Identifier
            text: ADODB
          - kind: PeriodOperator
            text: "."
          - kind: Identifier
            text: Recordset
          - kind: Newline
            text: "\r\n"
      - kind: Newline
        text: "\r\n"
      - kind: Newline
        text: "\r\n"
      - kind: SubStatement
        children:
          - kind: PrivateKeyword
            text: Private
          - kind: Whitespace
            text: " "
          - kind: SubKeyword
            text: Sub
          - kind: Whitespace
            text: " "
          - kind: Identifier
            text: add_Click
          - kind: ParameterList
            children:
              - kind: LeftParenthesis
                text: (
              - kind: RightParenthesis
                text: )
          - kind: Newline
            text: "\r\n"
          - kind: StatementList
            children:
              - kind: DimStatement
                children:
                  - kind: DimKeyword
                    text: Dim
                  - kind: Whitespace
                    text: " "
                  - kind: Identifier
                    text: sql
                  - kind: Whitespace
                    text: " "
                  - kind: AsKeyword
                    text: As
                  - kind: Whitespace
                    text: " "
                  - kind: StringKeyword
                    text: String
                  - kind: Newline
                    text: "\r\n"
              - kind: Newline
                text: "\r\n"
              - kind: AssignmentStatement
                children:
                  - kind: IdentifierExpression
                    children:
                      - kind: Identifier
                        text: sql
                  - kind: Whitespace
                    text: " "
                  - kind: EqualityOperator
                    text: "="
                  - kind: Whitespace
                    text: " "
                  - kind: StringLiteralExpression
                    children:
                      - kind: StringLiteral
                        text: "\"insert into Game (Name , HighScore) values (\""
                  - kind: Newline
                    text: "\r\n"
              - kind: AssignmentStatement
                children:
                  - kind: IdentifierExpression
                    children:
                      - kind: Identifier
                        text: sql
                  - kind: Whitespace
                    text: " "
                  - kind: EqualityOperator
                    text: "="
                  - kind: Whitespace
                    text: " "
                  - kind: BinaryExpression
                    children:
                      - kind: BinaryExpression
                        children:
                          - kind: BinaryExpression
                            children:
                              - kind: IdentifierExpression
                                children:
                                  - kind: Identifier
                                    text: sql
                              - kind: Whitespace
                                text: " "
                              - kind: Ampersand
                                text: "&"
                              - kind: Whitespace
                                text: " "
                              - kind: StringLiteralExpression
                                children:
                                  - kind: StringLiteral
                                    text: "\"'\""
                          - kind: Whitespace
                            text: " "
                          - kind: Ampersand
                            text: "&"
                          - kind: Whitespace
                            text: " "
                          - kind: MemberAccessExpression
                            children:
                              - kind: Identifier
                                text: Text1
                              - kind: PeriodOperator
                                text: "."
                              - kind: TextKeyword
                                text: Text
                      - kind: Whitespace
                        text: " "
                      - kind: Ampersand
                        text: "&"
                      - kind: Whitespace
                        text: " "
                      - kind: StringLiteralExpression
                        children:
                          - kind: StringLiteral
                            text: "\"',\""
                  - kind: Newline
                    text: "\r\n"
              - kind: AssignmentStatement
                children:
                  - kind: IdentifierExpression
                    children:
                      - kind: Identifier
                        text: sql
                  - kind: Whitespace
                    text: " "
                  - kind: EqualityOperator
                    text: "="
                  - kind: Whitespace
                    text: " "
                  - kind: BinaryExpression
                    children:
                      - kind: BinaryExpression
                        children:
                          - kind: BinaryExpression
                            children:
                              - kind: IdentifierExpression
                                children:
                                  - kind: Identifier
                                    text: sql
                              - kind: Whitespace
                                text: " "
                              - kind: Ampersand
                                text: "&"
                              - kind: Whitespace
                                text: " "
                              - kind: StringLiteralExpression
                                children:
                                  - kind: StringLiteral
                                    text: "\"'\""
                          - kind: Whitespace
                            text: " "
                          - kind: Ampersand
                            text: "&"
                          - kind: Whitespace
                            text: " "
                          - kind: MemberAccessExpression
                            children:
                              - kind: Identifier
                                text: Text2
                              - kind: PeriodOperator
                                text: "."
                              - kind: TextKeyword
                                text: Text
                      - kind: Whitespace
                        text: " "
                      - kind: Ampersand
                        text: "&"
                      - kind: Whitespace
                        text: " "
                      - kind: StringLiteralExpression
                        children:
                          - kind: StringLiteral
                            text: "\"')\""
                  - kind: Newline
                    text: "\r\n"
              - kind: CallStatement
                children:
                  - kind: Identifier
                    text: aConnection
                  - kind: PeriodOperator
                    text: "."
                  - kind: Identifier
                    text: Execute
                  - kind: Whitespace
                    text: " "
                  - kind: Identifier
                    text: sql
                  - kind: Newline
                    text: "\r\n"
              - kind: Newline
                text: "\r\n"
              - kind: Newline
                text: "\r\n"
              - kind: Newline
                text: "\r\n"
              - kind: Newline
                text: "\r\n"
              - kind: CallStatement
                children:
                  - kind: Identifier
                    text: Leaderboard
                  - kind: PeriodOperator
                    text: "."
                  - kind: Identifier
                    text: Show
                  - kind: Newline
                    text: "\r\n"
              - kind: Newline
                text: "\r\n"
              - kind: UnloadStatement
                children:
                  - kind: UnloadKeyword
                    text: Unload
                  - kind: Whitespace
                    text: " "
                  - kind: MeKeyword
                    text: Me
                  - kind: Newline
                    text: "\r\n"
              - kind: Newline
                text: "\r\n"
          - kind: EndKeyword
            text: End
          - kind: Whitespace
            text: " "
          - kind: SubKeyword
            text: Sub
          - kind: Newline
            text: "\r\n"
      - kind: Newline
        text: "\r\n"
      - kind: Newline
        text: "\r\n"
      - kind: Newline
        text: "\r\n"
      - kind: SubStatement
        children:
          - kind: PrivateKeyword
            text: Private
          - kind: Whitespace
            text: " "
          - kind: SubKeyword
            text: Sub
          - kind: Whitespace
            text: " "
          - kind: Identifier
            text: Form_Load
          - kind: ParameterList
            children:
              - kind: LeftParenthesis
                text: (
              - kind: RightParenthesis
                text: )
          - kind: Newline
            text: "\r\n"
          - kind: StatementList
            children:
              - kind: CallStatement
                children:
                  - kind: Identifier
                    text: aConnection
                  - kind: PeriodOperator
                    text: "."
                  - kind: OpenKeyword
                    text: Open
                  - kind: Whitespace
                    text: " "
                  - kind: Underscore
                    text: _
                  - kind: Newline
                    text: "\r\n"
                  - kind: StringLiteral
                    text: "\"Provider=sqloledb; \""
                  - kind: Whitespace
                    text: " "
                  - kind: Ampersand
                    text: "&"
                  - kind: Whitespace
                    text: " "
                  - kind: Underscore
                    text: _
                  - kind: Newline
                    text: "\r\n"
                  - kind: StringLiteral
                    text: "\"Data Source=SANTHOSH-BAHADU\\SQLEXPRESS; \""
                  - kind: Whitespace
                    text: " "
                  - kind: Ampersand
                    text: "&"
                  - kind: Whitespace
                    text: " "
                  - kind: Underscore
                    text: _
                  - kind: Newline
                    text: "\r\n"
                  - kind: StringLiteral
                    text: "\"Initial Catalog=EndlessRunner; \""
                  - kind: Whitespace
                    text: " "
                  - kind: Ampersand
                    text: "&"
                  - kind: Whitespace
                    text: " "
                  - kind: Underscore
                    text: _
                  - kind: Newline
                    text: "\r\n"
                  - kind: StringLiteral
                    text: "\"Trusted_Connection=yes; \""
                  - kind: Newline
                    text: "\r\n"
              - kind: Newline
                text: "\r\n"
              - kind: Newline
                text: "\r\n"
          - kind: EndKeyword
            text: End
          - kind: Whitespace
            text: " "
          - kind: SubKeyword
            text: Sub
          - kind: Newline
            text: "\r\n"
      - kind: Newline
        text: "\r\n"
      - kind: Newline
        text: "\r\n"
      - kind: SubStatement
        children:
          - kind: PrivateKeyword
            text: Private
          - kind: Whitespace
            text: " "
          - kind: SubKeyword
            text: Sub
          - kind: Whitespace
            text: " "
          - kind: Identifier
            text: Form_Unload
          - kind: ParameterList
            children:
              - kind: LeftParenthesis
                text: (
              - kind: Identifier
                text: Cancel
              - kind: Whitespace
                text: " "
              - kind: AsKeyword
                text: As
              - kind: Whitespace
                text: " "
              - kind: IntegerKeyword
                text: Integer
              - kind: RightParenthesis
                text: )
          - kind: Newline
            text: "\r\n"
          - kind: StatementList
            children:
              - kind: CallStatement
                children:
                  - kind: Identifier
                    text: aConnection
                  - kind: PeriodOperator
                    text: "."
                  - kind: CloseKeyword
                    text: Close
                  - kind: Newline
                    text: "\r\n"
              - kind: Whitespace
                text: " "
              - kind: Newline
                text: "\r\n"
          - kind: EndKeyword
            text: End
          - kind: Whitespace
            text: " "
          - kind: SubKeyword
            text: Sub
          - kind: Newline
            text: "\r\n"
      - kind: Newline
        text: "\r\n"
      - kind: Newline
        text: "\r\n"
